Archive member included to satisfy reference by file (symbol)

C:/Users/mike/.pico-sdk/toolchain/14_2_Rel1/bin/../lib/gcc/arm-none-eabi/14.2.1/thumb/v8-m.main+fp/softfp\libm.a(libm_a-wf_sqrt.o)
                              CMakeFiles/tear.dir/C_/Users/mike/.pico-sdk/sdk/2.1.1/src/rp2_common/pico_float/float_math.c.obj (sqrtf)
C:/Users/mike/.pico-sdk/toolchain/14_2_Rel1/bin/../lib/gcc/arm-none-eabi/14.2.1/thumb/v8-m.main+fp/softfp\libm.a(libm_a-ef_sqrt.o)
                              C:/Users/mike/.pico-sdk/toolchain/14_2_Rel1/bin/../lib/gcc/arm-none-eabi/14.2.1/thumb/v8-m.main+fp/softfp\libm.a(libm_a-wf_sqrt.o) (__ieee754_sqrtf)
C:/Users/mike/.pico-sdk/toolchain/14_2_Rel1/bin/../lib/gcc/arm-none-eabi/14.2.1/thumb/v8-m.main+fp/softfp\libgcc.a(_arm_addsubdf3.o)
                              CMakeFiles/tear.dir/C_/Users/mike/.pico-sdk/sdk/2.1.1/src/rp2_common/pico_float/float_math.c.obj (__aeabi_f2d)
C:/Users/mike/.pico-sdk/toolchain/14_2_Rel1/bin/../lib/gcc/arm-none-eabi/14.2.1/thumb/v8-m.main+fp/softfp\libgcc.a(_aeabi_ldivmod.o)
                              CMakeFiles/tear.dir/C_/Users/mike/.pico-sdk/sdk/2.1.1/src/common/pico_time/time.c.obj (__aeabi_ldivmod)
C:/Users/mike/.pico-sdk/toolchain/14_2_Rel1/bin/../lib/gcc/arm-none-eabi/14.2.1/thumb/v8-m.main+fp/softfp\libgcc.a(_aeabi_uldivmod.o)
                              CMakeFiles/tear.dir/C_/Users/mike/.pico-sdk/sdk/2.1.1/src/rp2_common/hardware_clocks/clocks.c.obj (__aeabi_uldivmod)
C:/Users/mike/.pico-sdk/toolchain/14_2_Rel1/bin/../lib/gcc/arm-none-eabi/14.2.1/thumb/v8-m.main+fp/softfp\libgcc.a(_udivmoddi4.o)
                              C:/Users/mike/.pico-sdk/toolchain/14_2_Rel1/bin/../lib/gcc/arm-none-eabi/14.2.1/thumb/v8-m.main+fp/softfp\libgcc.a(_aeabi_ldivmod.o) (__udivmoddi4)
C:/Users/mike/.pico-sdk/toolchain/14_2_Rel1/bin/../lib/gcc/arm-none-eabi/14.2.1/thumb/v8-m.main+fp/softfp\libgcc.a(_dvmd_tls.o)
                              C:/Users/mike/.pico-sdk/toolchain/14_2_Rel1/bin/../lib/gcc/arm-none-eabi/14.2.1/thumb/v8-m.main+fp/softfp\libgcc.a(_aeabi_ldivmod.o) (__aeabi_ldiv0)
C:/Users/mike/.pico-sdk/toolchain/14_2_Rel1/bin/../lib/gcc/arm-none-eabi/14.2.1/thumb/v8-m.main+fp/softfp\libg.a(libc_a-calloc.o)
                              CMakeFiles/tear.dir/C_/Users/mike/.pico-sdk/sdk/2.1.1/src/rp2_common/pico_malloc/malloc.c.obj (calloc)
C:/Users/mike/.pico-sdk/toolchain/14_2_Rel1/bin/../lib/gcc/arm-none-eabi/14.2.1/thumb/v8-m.main+fp/softfp\libg.a(libc_a-callocr.o)
                              C:/Users/mike/.pico-sdk/toolchain/14_2_Rel1/bin/../lib/gcc/arm-none-eabi/14.2.1/thumb/v8-m.main+fp/softfp\libg.a(libc_a-calloc.o) (_calloc_r)
C:/Users/mike/.pico-sdk/toolchain/14_2_Rel1/bin/../lib/gcc/arm-none-eabi/14.2.1/thumb/v8-m.main+fp/softfp\libg.a(libc_a-malloc.o)
                              CMakeFiles/tear.dir/C_/Users/mike/.pico-sdk/sdk/2.1.1/src/rp2_common/pico_malloc/malloc.c.obj (malloc)
C:/Users/mike/.pico-sdk/toolchain/14_2_Rel1/bin/../lib/gcc/arm-none-eabi/14.2.1/thumb/v8-m.main+fp/softfp\libg.a(libc_a-mallocr.o)
                              C:/Users/mike/.pico-sdk/toolchain/14_2_Rel1/bin/../lib/gcc/arm-none-eabi/14.2.1/thumb/v8-m.main+fp/softfp\libg.a(libc_a-callocr.o) (_malloc_r)
C:/Users/mike/.pico-sdk/toolchain/14_2_Rel1/bin/../lib/gcc/arm-none-eabi/14.2.1/thumb/v8-m.main+fp/softfp\libg.a(libc_a-mlock.o)
                              C:/Users/mike/.pico-sdk/toolchain/14_2_Rel1/bin/../lib/gcc/arm-none-eabi/14.2.1/thumb/v8-m.main+fp/softfp\libg.a(libc_a-mallocr.o) (__malloc_lock)
C:/Users/mike/.pico-sdk/toolchain/14_2_Rel1/bin/../lib/gcc/arm-none-eabi/14.2.1/thumb/v8-m.main+fp/softfp\libg.a(libc_a-realloc.o)
                              CMakeFiles/tear.dir/C_/Users/mike/.pico-sdk/sdk/2.1.1/src/rp2_common/pico_malloc/malloc.c.obj (realloc)
C:/Users/mike/.pico-sdk/toolchain/14_2_Rel1/bin/../lib/gcc/arm-none-eabi/14.2.1/thumb/v8-m.main+fp/softfp\libg.a(libc_a-reallocr.o)
                              C:/Users/mike/.pico-sdk/toolchain/14_2_Rel1/bin/../lib/gcc/arm-none-eabi/14.2.1/thumb/v8-m.main+fp/softfp\libg.a(libc_a-realloc.o) (_realloc_r)
C:/Users/mike/.pico-sdk/toolchain/14_2_Rel1/bin/../lib/gcc/arm-none-eabi/14.2.1/thumb/v8-m.main+fp/softfp\libg.a(libc_a-memcmp.o)
                              CMakeFiles/tear.dir/C_/Users/mike/.pico-sdk/sdk/2.1.1/src/rp2_common/pico_atomic/atomic.c.obj (memcmp)
C:/Users/mike/.pico-sdk/toolchain/14_2_Rel1/bin/../lib/gcc/arm-none-eabi/14.2.1/thumb/v8-m.main+fp/softfp\libg.a(libc_a-memmove.o)
                              C:/Users/mike/.pico-sdk/toolchain/14_2_Rel1/bin/../lib/gcc/arm-none-eabi/14.2.1/thumb/v8-m.main+fp/softfp\libg.a(libc_a-reallocr.o) (memmove)
C:/Users/mike/.pico-sdk/toolchain/14_2_Rel1/bin/../lib/gcc/arm-none-eabi/14.2.1/thumb/v8-m.main+fp/softfp\libg.a(libc_a-memset.o)
                              C:/Users/mike/.pico-sdk/toolchain/14_2_Rel1/bin/../lib/gcc/arm-none-eabi/14.2.1/thumb/v8-m.main+fp/softfp/crt0.o (memset)
[...]
Memory Configuration

Name             Origin             Length             Attributes
FLASH            0x10000000         0x00400000         xr
RAM              0x20000000         0x00080000         xrw
SCRATCH_X        0x20080000         0x00001000         xrw
SCRATCH_Y        0x20081000         0x00001000         xrw
*default*        0x00000000         0xffffffff

Linker script and memory map

LOAD C:/Users/mike/.pico-sdk/toolchain/14_2_Rel1/bin/../lib/gcc/arm-none-eabi/14.2.1/thumb/v8-m.main+fp/softfp/crti.o
LOAD C:/Users/mike/.pico-sdk/toolchain/14_2_Rel1/bin/../lib/gcc/arm-none-eabi/14.2.1/thumb/v8-m.main+fp/softfp/crtbegin.o
LOAD C:/Users/mike/.pico-sdk/toolchain/14_2_Rel1/bin/../lib/gcc/arm-none-eabi/14.2.1/thumb/v8-m.main+fp/softfp/crt0.o

.flash_begin    0x10000000        0x0
                0x10000000                        __flash_binary_start = .

.text           0x10000000     0x4e60
                0x10000000                        __logical_binary_start = .
 *(.vectors)
 .vectors       0x10000000      0x124 CMakeFiles/tear.dir/C_/Users/mike/.pico-sdk/sdk/2.1.1/src/rp2_common/pico_crt0/crt0.S.obj
                0x10000000                __VECTOR_TABLE
                0x10000000                __vectors
                0x10000110                __default_isrs_start
                0x10000110                isr_invalid
                0x10000112                isr_nmi
                0x10000114                isr_hardfault
                0x10000116                isr_svcall
                0x10000118                isr_pendsv
                0x1000011a                isr_systick
                0x1000011c                isr_irq31
                0x1000011c                isr_irq5
                0x1000011c                isr_irq11
                0x1000011c                isr_irq32
                0x1000011c                isr_irq23
                0x1000011c                isr_irq48
                0x1000011c                isr_irq35
                0x1000011c                isr_irq18
                0x1000011c                isr_irq50
                0x1000011c                isr_irq27
                0x1000011c                isr_irq40
                0x1000011c                isr_irq28
                0x1000011c                isr_irq19
                0x1000011c                isr_irq36
                0x1000011c                isr_irq41
                0x1000011c                isr_irq0
                0x1000011c                isr_irq6
                0x1000011c                isr_irq45
                0x1000011c                isr_irq12
                0x1000011c                isr_irq37
                0x1000011c                isr_irq42
                0x1000011c                isr_irq22
                0x1000011c                isr_irq43
                0x1000011c                isr_irq17
                0x1000011c                isr_irq38
                0x1000011c                isr_irq14
                0x1000011c                isr_irq13
                0x1000011c                isr_irq2
                0x1000011c                isr_irq10
                0x1000011c                isr_irq8
                0x1000011c                isr_irq24
                0x1000011c                isr_irq46
                0x1000011c                isr_irq1
                0x1000011c                isr_irq47
                0x1000011c                isr_irq51
                0x1000011c                isr_irq7
                0x1000011c                isr_irq21
                0x1000011c                isr_irq39
                0x1000011c                isr_irq20
                0x1000011c                isr_irq15
                0x1000011c                isr_irq25
                0x1000011c                isr_irq34
                0x1000011c                isr_irq49
                0x1000011c                __unhandled_user_irq
                0x1000011c                isr_irq4
                0x1000011c                isr_irq16
                0x1000011c                isr_irq44
                0x1000011c                isr_irq29
                0x1000011c                isr_irq26
                0x1000011c                __default_isrs_end
                0x1000011c                isr_irq33
                0x1000011c                isr_irq3
                0x1000011c                isr_irq30
                0x1000011c                isr_irq9
                0x10000122                unhandled_user_irq_num_in_r0
 *(.binary_info_header)
 .binary_info_header
                0x10000124       0x14 CMakeFiles/tear.dir/C_/Users/mike/.pico-sdk/sdk/2.1.1/src/rp2_common/pico_crt0/crt0.S.obj
                0x10000138                        __binary_info_header_end = .
 *(.embedded_block)
 .embedded_block
                0x10000138       0x14 CMakeFiles/tear.dir/C_/Users/mike/.pico-sdk/sdk/2.1.1/src/rp2_common/pico_crt0/crt0.S.obj
                0x1000014c                        __embedded_block_end = .
 *(.reset)
 .reset         0x1000014c       0xa0 CMakeFiles/tear.dir/C_/Users/mike/.pico-sdk/sdk/2.1.1/src/rp2_common/pico_crt0/crt0.S.obj
                0x1000014c                _entry_point
 *(.init)
 .init          0x100001ec        0x4 C:/Users/mike/.pico-sdk/toolchain/14_2_Rel1/bin/../lib/gcc/arm-none-eabi/14.2.1/thumb/v8-m.main+fp/softfp/crti.o
                0x100001ec                _init
 SORT_BY_NAME(REVERSE(*libgcc.a:cmse_nonsecure_call.o))()
 *(EXCLUDE_FILE(*libm.a: *libc.a:*lib_a-mem*.o *libgcc.a:) .text*)
 .text.register_tm_clones
                0x100001f0       0x28 C:/Users/mike/.pico-sdk/toolchain/14_2_Rel1/bin/../lib/gcc/arm-none-eabi/14.2.1/thumb/v8-m.main+fp/softfp/crtbegin.o
 .text.frame_dummy
                0x10000218       0x24 C:/Users/mike/.pico-sdk/toolchain/14_2_Rel1/bin/../lib/gcc/arm-none-eabi/14.2.1/thumb/v8-m.main+fp/softfp/crtbegin.o
 .text.gpio_put
                0x1000023c       0x2c CMakeFiles/tear.dir/tear.c.obj
 .text.gpio_set_dir
                0x10000268       0x2c CMakeFiles/tear.dir/tear.c.obj
 .text.task0    0x10000294       0x34 CMakeFiles/tear.dir/tear.c.obj
                0x10000294                task0
 .text.task1    0x100002c8       0x34 CMakeFiles/tear.dir/tear.c.obj
                0x100002c8                task1
 .text.main     0x100002fc       0x88 CMakeFiles/tear.dir/tear.c.obj
                0x100002fc                main
 .text.gpio_set_function
                0x10000384       0x3c CMakeFiles/tear.dir/C_/Users/mike/.pico-sdk/sdk/2.1.1/src/rp2_common/hardware_gpio/gpio.c.obj
                0x10000384                gpio_set_function
 .text.gpio_init
                0x100003c0       0x48 CMakeFiles/tear.dir/C_/Users/mike/.pico-sdk/sdk/2.1.1/src/rp2_common/hardware_gpio/gpio.c.obj
                0x100003c0                gpio_init
 .text.panic    0x10000408       0x30 CMakeFiles/tear.dir/C_/Users/mike/.pico-sdk/sdk/2.1.1/src/rp2_common/pico_platform_panic/panic.c.obj
                0x10000408                panic
 .text.hw_claim_lock
                0x10000438       0x24 CMakeFiles/tear.dir/C_/Users/mike/.pico-sdk/sdk/2.1.1/src/common/hardware_claim/claim.c.obj
                0x10000438                hw_claim_lock
 .text.hw_claim_unlock
                0x1000045c       0x14 CMakeFiles/tear.dir/C_/Users/mike/.pico-sdk/sdk/2.1.1/src/common/hardware_claim/claim.c.obj
                0x1000045c                hw_claim_unlock
 .text.hw_claim_or_assert
                0x10000470       0x58 CMakeFiles/tear.dir/C_/Users/mike/.pico-sdk/sdk/2.1.1/src/common/hardware_claim/claim.c.obj
                0x10000470                hw_claim_or_assert
 .text.next_striped_spin_lock_num
                0x100004c8       0x18 CMakeFiles/tear.dir/C_/Users/mike/.pico-sdk/sdk/2.1.1/src/rp2_common/hardware_sync/sync.c.obj
                0x100004c8                next_striped_spin_lock_num
 .text.spin_lock_claim
                0x100004e0       0x14 CMakeFiles/tear.dir/C_/Users/mike/.pico-sdk/sdk/2.1.1/src/rp2_common/hardware_sync/sync.c.obj
                0x100004e0                spin_lock_claim
 .text.spinlock_set_extexclall
                0x100004f4       0x10 CMakeFiles/tear.dir/C_/Users/mike/.pico-sdk/sdk/2.1.1/src/rp2_common/hardware_sync_spin_lock/sync_spin_lock.c.obj
 .text.spin_locks_reset
                0x10000504       0x18 CMakeFiles/tear.dir/C_/Users/mike/.pico-sdk/sdk/2.1.1/src/rp2_common/hardware_sync_spin_lock/sync_spin_lock.c.obj
                0x10000504                spin_locks_reset
 .text.runtime_init_per_core_irq_priorities
                0x1000051c       0x40 CMakeFiles/tear.dir/C_/Users/mike/.pico-sdk/sdk/2.1.1/src/rp2_common/hardware_irq/irq.c.obj
                0x1000051c                runtime_init_per_core_irq_priorities
 .text.irq_set_enabled
                0x1000055c       0x2c CMakeFiles/tear.dir/C_/Users/mike/.pico-sdk/sdk/2.1.1/src/rp2_common/hardware_irq/irq.c.obj
                0x1000055c                irq_set_enabled
 .text.irq_is_enabled
                0x10000588       0x20 CMakeFiles/tear.dir/C_/Users/mike/.pico-sdk/sdk/2.1.1/src/rp2_common/hardware_irq/irq.c.obj
                0x10000588                irq_is_enabled
 .text.irq_set_exclusive_handler
                0x100005a8       0x60 CMakeFiles/tear.dir/C_/Users/mike/.pico-sdk/sdk/2.1.1/src/rp2_common/hardware_irq/irq.c.obj
                0x100005a8                irq_set_exclusive_handler
 .text.irq_remove_handler
                0x10000608      0x1f4 CMakeFiles/tear.dir/C_/Users/mike/.pico-sdk/sdk/2.1.1/src/rp2_common/hardware_irq/irq.c.obj
                0x10000608                irq_remove_handler
 .text.irq_set_priority
                0x100007fc       0x28 CMakeFiles/tear.dir/C_/Users/mike/.pico-sdk/sdk/2.1.1/src/rp2_common/hardware_irq/irq.c.obj
                0x100007fc                irq_set_priority
 .text.irq_add_tail_to_free_list
                0x10000824       0xbc CMakeFiles/tear.dir/C_/Users/mike/.pico-sdk/sdk/2.1.1/src/rp2_common/hardware_irq/irq.c.obj
                0x10000824                irq_add_tail_to_free_list
 .text.lock_init
                0x100008e0        0xc CMakeFiles/tear.dir/C_/Users/mike/.pico-sdk/sdk/2.1.1/src/common/pico_sync/lock_core.c.obj
                0x100008e0                lock_init
 .text.runtime_init_mutex
                0x100008ec       0x54 CMakeFiles/tear.dir/C_/Users/mike/.pico-sdk/sdk/2.1.1/src/common/pico_sync/mutex.c.obj
                0x100008ec                runtime_init_mutex
 .text.alarm_pool_irq_handler
                0x10000940      0x2f0 CMakeFiles/tear.dir/C_/Users/mike/.pico-sdk/sdk/2.1.1/src/common/pico_time/time.c.obj
 .text.sleep_until_callback
                0x10000c30       0x34 CMakeFiles/tear.dir/C_/Users/mike/.pico-sdk/sdk/2.1.1/src/common/pico_time/time.c.obj
 .text.runtime_init_default_alarm_pool
                0x10000c64      0x100 CMakeFiles/tear.dir/C_/Users/mike/.pico-sdk/sdk/2.1.1/src/common/pico_time/time.c.obj
                0x10000c64                runtime_init_default_alarm_pool
 .text.alarm_pool_add_alarm_at_force_in_context
                0x10000d64       0xc8 CMakeFiles/tear.dir/C_/Users/mike/.pico-sdk/sdk/2.1.1/src/common/pico_time/time.c.obj
                0x10000d64                alarm_pool_add_alarm_at_force_in_context
 .text.alarm_pool_cancel_alarm
                0x10000e2c       0x80 CMakeFiles/tear.dir/C_/Users/mike/.pico-sdk/sdk/2.1.1/src/common/pico_time/time.c.obj
                0x10000e2c                alarm_pool_cancel_alarm
 .text.sleep_ms
                0x10000eac       0xd8 CMakeFiles/tear.dir/C_/Users/mike/.pico-sdk/sdk/2.1.1/src/common/pico_time/time.c.obj
                0x10000eac                sleep_ms
 .text.best_effort_wfe_or_timeout
                0x10000f84       0xd4 CMakeFiles/tear.dir/C_/Users/mike/.pico-sdk/sdk/2.1.1/src/common/pico_time/time.c.obj
                0x10000f84                best_effort_wfe_or_timeout
 .text.timer_hardware_alarm_claim
                0x10001058       0x24 CMakeFiles/tear.dir/C_/Users/mike/.pico-sdk/sdk/2.1.1/src/rp2_common/hardware_timer/timer.c.obj
                0x10001058                timer_hardware_alarm_claim
 .text.timer_time_us_64
                0x1000107c       0x10 CMakeFiles/tear.dir/C_/Users/mike/.pico-sdk/sdk/2.1.1/src/rp2_common/hardware_timer/timer.c.obj
                0x1000107c                timer_time_us_64
 .text.time_us_64
                0x1000108c       0x14 CMakeFiles/tear.dir/C_/Users/mike/.pico-sdk/sdk/2.1.1/src/rp2_common/hardware_timer/timer.c.obj
                0x1000108c                time_us_64
 .text.busy_wait_us
                0x100010a0       0x5c CMakeFiles/tear.dir/C_/Users/mike/.pico-sdk/sdk/2.1.1/src/rp2_common/hardware_timer/timer.c.obj
                0x100010a0                busy_wait_us
 .text.busy_wait_until
                0x100010fc       0x24 CMakeFiles/tear.dir/C_/Users/mike/.pico-sdk/sdk/2.1.1/src/rp2_common/hardware_timer/timer.c.obj
                0x100010fc                busy_wait_until
 .text.uart_init
                0x10001120      0x104 CMakeFiles/tear.dir/C_/Users/mike/.pico-sdk/sdk/2.1.1/src/rp2_common/hardware_uart/uart.c.obj
                0x10001120                uart_init
 .text.clock_configure_undivided
                0x10001224       0xd0 CMakeFiles/tear.dir/C_/Users/mike/.pico-sdk/sdk/2.1.1/src/rp2_common/hardware_clocks/clocks.c.obj
                0x10001224                clock_configure_undivided
 .text.clock_get_hz
                0x100012f4        0xc CMakeFiles/tear.dir/C_/Users/mike/.pico-sdk/sdk/2.1.1/src/rp2_common/hardware_clocks/clocks.c.obj
                0x100012f4                clock_get_hz
 .text.pll_init
                0x10001300       0x8c CMakeFiles/tear.dir/C_/Users/mike/.pico-sdk/sdk/2.1.1/src/rp2_common/hardware_pll/pll.c.obj
                0x10001300                pll_init
 .text.tick_start
                0x1000138c       0x18 CMakeFiles/tear.dir/C_/Users/mike/.pico-sdk/sdk/2.1.1/src/rp2_common/hardware_ticks/ticks.c.obj
                0x1000138c                tick_start
 .text.rom_func_lookup
                0x100013a4       0x18 CMakeFiles/tear.dir/C_/Users/mike/.pico-sdk/sdk/2.1.1/src/rp2_common/pico_bootrom/bootrom.c.obj
                0x100013a4                rom_func_lookup
 .text.runtime_init_bootrom_locking_enable
                0x100013bc       0x14 CMakeFiles/tear.dir/C_/Users/mike/.pico-sdk/sdk/2.1.1/src/rp2_common/pico_bootrom/bootrom_lock.c.obj
                0x100013bc                runtime_init_bootrom_locking_enable
 .text.runtime_init_boot_locks_reset
                0x100013d0       0x1c CMakeFiles/tear.dir/C_/Users/mike/.pico-sdk/sdk/2.1.1/src/rp2_common/hardware_boot_lock/boot_lock.c.obj
                0x100013d0                runtime_init_boot_locks_reset
 .text.xosc_init
                0x100013ec       0x30 CMakeFiles/tear.dir/C_/Users/mike/.pico-sdk/sdk/2.1.1/src/rp2_common/hardware_xosc/xosc.c.obj
                0x100013ec                xosc_init
 .text.first_per_core_initializer
                0x1000141c        0x4 CMakeFiles/tear.dir/C_/Users/mike/.pico-sdk/sdk/2.1.1/src/rp2_common/pico_runtime/runtime.c.obj
 .text.hard_assertion_failure
                0x10001420        0xc CMakeFiles/tear.dir/C_/Users/mike/.pico-sdk/sdk/2.1.1/src/rp2_common/pico_runtime/runtime.c.obj
                0x10001420                hard_assertion_failure
 .text.runtime_run_initializers
                0x1000142c       0x20 CMakeFiles/tear.dir/C_/Users/mike/.pico-sdk/sdk/2.1.1/src/rp2_common/pico_runtime/runtime.c.obj
                0x1000142c                runtime_run_initializers
 .text.runtime_run_per_core_initializers
                0x1000144c       0x20 CMakeFiles/tear.dir/C_/Users/mike/.pico-sdk/sdk/2.1.1/src/rp2_common/pico_runtime/runtime.c.obj
                0x1000144c                runtime_run_per_core_initializers
 .text.runtime_init_early_resets
                0x1000146c       0x34 CMakeFiles/tear.dir/C_/Users/mike/.pico-sdk/sdk/2.1.1/src/rp2_common/pico_runtime_init/runtime_init.c.obj
                0x1000146c                runtime_init_early_resets
 .text.runtime_init_usb_power_down
                0x100014a0       0x1c CMakeFiles/tear.dir/C_/Users/mike/.pico-sdk/sdk/2.1.1/src/rp2_common/pico_runtime_init/runtime_init.c.obj
                0x100014a0                runtime_init_usb_power_down
 .text.runtime_init_per_core_enable_coprocessors
                0x100014bc       0x1c CMakeFiles/tear.dir/C_/Users/mike/.pico-sdk/sdk/2.1.1/src/rp2_common/pico_runtime_init/runtime_init.c.obj
                0x100014bc                runtime_init_per_core_enable_coprocessors
 .text.runtime_init_post_clock_resets
                0x100014d8       0x20 CMakeFiles/tear.dir/C_/Users/mike/.pico-sdk/sdk/2.1.1/src/rp2_common/pico_runtime_init/runtime_init.c.obj
                0x100014d8                runtime_init_post_clock_resets
 .text.runtime_init_bootrom_reset
                0x100014f8       0x14 CMakeFiles/tear.dir/C_/Users/mike/.pico-sdk/sdk/2.1.1/src/rp2_common/pico_runtime_init/runtime_init.c.obj
                0x100014f8                runtime_init_bootrom_reset
 .text.runtime_init_per_core_bootrom_reset
                0x1000150c       0x14 CMakeFiles/tear.dir/C_/Users/mike/.pico-sdk/sdk/2.1.1/src/rp2_common/pico_runtime_init/runtime_init.c.obj
                0x1000150c                runtime_init_per_core_bootrom_reset
 .text.runtime_init_spin_locks_reset
                0x10001520        0x4 CMakeFiles/tear.dir/C_/Users/mike/.pico-sdk/sdk/2.1.1/src/rp2_common/pico_runtime_init/runtime_init.c.obj
                0x10001520                runtime_init_spin_locks_reset
 .text.runtime_init_install_ram_vector_table
                0x10001524       0x20 CMakeFiles/tear.dir/C_/Users/mike/.pico-sdk/sdk/2.1.1/src/rp2_common/pico_runtime_init/runtime_init.c.obj
                0x10001524                runtime_init_install_ram_vector_table
 .text.runtime_init_clocks
                0x10001544       0xdc CMakeFiles/tear.dir/C_/Users/mike/.pico-sdk/sdk/2.1.1/src/rp2_common/pico_runtime_init/runtime_init_clocks.c.obj
                0x10001544                runtime_init_clocks
 .text._out_char
                0x10001620        0x8 CMakeFiles/tear.dir/C_/Users/mike/.pico-sdk/sdk/2.1.1/src/rp2_common/pico_printf/printf.c.obj
 .text.weak_raw_vprintf
                0x10001628       0x30 CMakeFiles/tear.dir/C_/Users/mike/.pico-sdk/sdk/2.1.1/src/rp2_common/pico_printf/printf.c.obj
                0x10001628                weak_raw_vprintf
 .text._exit    0x10001658        0x4 CMakeFiles/tear.dir/C_/Users/mike/.pico-sdk/sdk/2.1.1/src/rp2_common/pico_clib_interface/newlib_interface.c.obj
                0x10001658                _exit
 .text.exit     0x1000165c        0x8 CMakeFiles/tear.dir/C_/Users/mike/.pico-sdk/sdk/2.1.1/src/rp2_common/pico_clib_interface/newlib_interface.c.obj
                0x1000165c                exit
 .text.runtime_init
                0x10001664       0x24 CMakeFiles/tear.dir/C_/Users/mike/.pico-sdk/sdk/2.1.1/src/rp2_common/pico_clib_interface/newlib_interface.c.obj
                0x10001664                runtime_init
 .text.stdio_out_chars_no_crlf
                0x10001688        0x8 CMakeFiles/tear.dir/C_/Users/mike/.pico-sdk/sdk/2.1.1/src/rp2_common/pico_stdio/stdio.c.obj
 .text.stdio_out_chars_crlf
                0x10001690       0xb0 CMakeFiles/tear.dir/C_/Users/mike/.pico-sdk/sdk/2.1.1/src/rp2_common/pico_stdio/stdio.c.obj
 .text.stdio_put_string
                0x10001740       0xec CMakeFiles/tear.dir/C_/Users/mike/.pico-sdk/sdk/2.1.1/src/rp2_common/pico_stdio/stdio.c.obj
                0x10001740                stdio_put_string
 .text.stdio_set_driver_enabled
                0x1000182c       0x28 CMakeFiles/tear.dir/C_/Users/mike/.pico-sdk/sdk/2.1.1/src/rp2_common/pico_stdio/stdio.c.obj
                0x1000182c                stdio_set_driver_enabled
 .text.stdio_init_all
                0x10001854        0xc CMakeFiles/tear.dir/C_/Users/mike/.pico-sdk/sdk/2.1.1/src/rp2_common/pico_stdio/stdio.c.obj
                0x10001854                stdio_init_all
 .text.__wrap_putchar
                0x10001860       0x84 CMakeFiles/tear.dir/C_/Users/mike/.pico-sdk/sdk/2.1.1/src/rp2_common/pico_stdio/stdio.c.obj
                0x10001860                __wrap_putchar
                0x10001860                stdio_putchar
 .text.__wrap_puts
                0x100018e4       0x3c CMakeFiles/tear.dir/C_/Users/mike/.pico-sdk/sdk/2.1.1/src/rp2_common/pico_stdio/stdio.c.obj
                0x100018e4                stdio_puts
                0x100018e4                __wrap_puts
 .text.stdio_uart_out_chars
                0x10001920       0x50 CMakeFiles/tear.dir/C_/Users/mike/.pico-sdk/sdk/2.1.1/src/rp2_common/pico_stdio_uart/stdio_uart.c.obj
 .text.stdio_uart_in_chars
                0x10001970       0x94 CMakeFiles/tear.dir/C_/Users/mike/.pico-sdk/sdk/2.1.1/src/rp2_common/pico_stdio_uart/stdio_uart.c.obj
                0x10001970                stdio_uart_in_chars
 .text.on_uart_rx
                0x10001a04       0x24 CMakeFiles/tear.dir/C_/Users/mike/.pico-sdk/sdk/2.1.1/src/rp2_common/pico_stdio_uart/stdio_uart.c.obj
 .text.stdio_uart_out_flush
                0x10001a28       0x10 CMakeFiles/tear.dir/C_/Users/mike/.pico-sdk/sdk/2.1.1/src/rp2_common/pico_stdio_uart/stdio_uart.c.obj
 .text.stdio_uart_set_chars_available_callback
                0x10001a38       0x88 CMakeFiles/tear.dir/C_/Users/mike/.pico-sdk/sdk/2.1.1/src/rp2_common/pico_stdio_uart/stdio_uart.c.obj
 .text.stdio_uart_init
                0x10001ac0       0x54 CMakeFiles/tear.dir/C_/Users/mike/.pico-sdk/sdk/2.1.1/src/rp2_common/pico_stdio_uart/stdio_uart.c.obj
                0x10001ac0                stdio_uart_init
 .text.core1_trampoline
                0x10001b14        0x4 CMakeFiles/tear.dir/C_/Users/mike/.pico-sdk/sdk/2.1.1/src/rp2_common/pico_multicore/multicore.c.obj
 .text.core1_wrapper
                0x10001b18       0x10 CMakeFiles/tear.dir/C_/Users/mike/.pico-sdk/sdk/2.1.1/src/rp2_common/pico_multicore/multicore.c.obj
                0x10001b18                core1_wrapper
 .text.multicore_launch_core1_raw
                0x10001b28       0x84 CMakeFiles/tear.dir/C_/Users/mike/.pico-sdk/sdk/2.1.1/src/rp2_common/pico_multicore/multicore.c.obj
                0x10001b28                multicore_launch_core1_raw
 .text.multicore_launch_core1
                0x10001bac       0x48 CMakeFiles/tear.dir/C_/Users/mike/.pico-sdk/sdk/2.1.1/src/rp2_common/pico_multicore/multicore.c.obj
                0x10001bac                multicore_launch_core1
 .text.multicore_doorbell_claim_unused
                0x10001bf4       0xf8 CMakeFiles/tear.dir/C_/Users/mike/.pico-sdk/sdk/2.1.1/src/rp2_common/pico_multicore/multicore.c.obj
                0x10001bf4                multicore_doorbell_claim_unused
 .text.prvDoorbellInterruptHandler
                0x10001cec       0x30 CMakeFiles/tear.dir/C_/Users/mike/Documents/PicoCbook/C18/FreeRTOS-Kernel/portable/ThirdParty/GCC/RP2350_ARM_NTZ/non_secure/port.c.obj
 .text.prvTaskExitError
                0x10001d1c       0x18 CMakeFiles/tear.dir/C_/Users/mike/Documents/PicoCbook/C18/FreeRTOS-Kernel/portable/ThirdParty/GCC/RP2350_ARM_NTZ/non_secure/port.c.obj
 .text.SysTick_Handler
                0x10001d34       0x24 CMakeFiles/tear.dir/C_/Users/mike/Documents/PicoCbook/C18/FreeRTOS-Kernel/portable/ThirdParty/GCC/RP2350_ARM_NTZ/non_secure/port.c.obj
                0x10001d34                SysTick_Handler
 .text.vPortSetupTimerInterrupt
                0x10001d58       0x2c CMakeFiles/tear.dir/C_/Users/mike/Documents/PicoCbook/C18/FreeRTOS-Kernel/portable/ThirdParty/GCC/RP2350_ARM_NTZ/non_secure/port.c.obj
                0x10001d58                vPortSetupTimerInterrupt
 .text.xPortStartSchedulerOnCore.isra.0
                0x10001d84      0x10c CMakeFiles/tear.dir/C_/Users/mike/Documents/PicoCbook/C18/FreeRTOS-Kernel/portable/ThirdParty/GCC/RP2350_ARM_NTZ/non_secure/port.c.obj
 .text.prvDisableInterruptsAndPortStartSchedulerOnCore
                0x10001e90       0x10 CMakeFiles/tear.dir/C_/Users/mike/Documents/PicoCbook/C18/FreeRTOS-Kernel/portable/ThirdParty/GCC/RP2350_ARM_NTZ/non_secure/port.c.obj
 .text.vPortYield
                0x10001ea0       0x18 CMakeFiles/tear.dir/C_/Users/mike/Documents/PicoCbook/C18/FreeRTOS-Kernel/portable/ThirdParty/GCC/RP2350_ARM_NTZ/non_secure/port.c.obj
                0x10001ea0                vPortYield
 .text.vPortSVCHandler_C
                0x10001eb8       0x2c CMakeFiles/tear.dir/C_/Users/mike/Documents/PicoCbook/C18/FreeRTOS-Kernel/portable/ThirdParty/GCC/RP2350_ARM_NTZ/non_secure/port.c.obj
                0x10001eb8                vPortSVCHandler_C
 .text.pxPortInitialiseStack
                0x10001ee4       0x78 CMakeFiles/tear.dir/C_/Users/mike/Documents/PicoCbook/C18/FreeRTOS-Kernel/portable/ThirdParty/GCC/RP2350_ARM_NTZ/non_secure/port.c.obj
                0x10001ee4                pxPortInitialiseStack
 .text.xPortStartScheduler
                0x10001f5c       0x50 CMakeFiles/tear.dir/C_/Users/mike/Documents/PicoCbook/C18/FreeRTOS-Kernel/portable/ThirdParty/GCC/RP2350_ARM_NTZ/non_secure/port.c.obj
                0x10001f5c                xPortStartScheduler
 .text.vPortValidateInterruptPriority
                0x10001fac       0x14 CMakeFiles/tear.dir/C_/Users/mike/Documents/PicoCbook/C18/FreeRTOS-Kernel/portable/ThirdParty/GCC/RP2350_ARM_NTZ/non_secure/port.c.obj
                0x10001fac                vPortValidateInterruptPriority
 .text.ulPortLockGetCurrentOwnerId
                0x10001fc0       0x2c CMakeFiles/tear.dir/C_/Users/mike/Documents/PicoCbook/C18/FreeRTOS-Kernel/portable/ThirdParty/GCC/RP2350_ARM_NTZ/non_secure/port.c.obj
                0x10001fc0                ulPortLockGetCurrentOwnerId
 .text.vPortLockInternalSpinUnlockWithWait
                0x10001fec       0x64 CMakeFiles/tear.dir/C_/Users/mike/Documents/PicoCbook/C18/FreeRTOS-Kernel/portable/ThirdParty/GCC/RP2350_ARM_NTZ/non_secure/port.c.obj
                0x10001fec                vPortLockInternalSpinUnlockWithWait
 .text.vPortLockInternalSpinUnlockWithNotify
                0x10002050       0x90 CMakeFiles/tear.dir/C_/Users/mike/Documents/PicoCbook/C18/FreeRTOS-Kernel/portable/ThirdParty/GCC/RP2350_ARM_NTZ/non_secure/port.c.obj
                0x10002050                vPortLockInternalSpinUnlockWithNotify
 .text.xPortLockInternalSpinUnlockWithBestEffortWaitOrTimeout
                0x100020e0       0xf4 CMakeFiles/tear.dir/C_/Users/mike/Documents/PicoCbook/C18/FreeRTOS-Kernel/portable/ThirdParty/GCC/RP2350_ARM_NTZ/non_secure/port.c.obj
                0x100020e0                xPortLockInternalSpinUnlockWithBestEffortWaitOrTimeout
 .text.startup.prvRuntimeInitializer
                0x100021d4       0x10 CMakeFiles/tear.dir/C_/Users/mike/Documents/PicoCbook/C18/FreeRTOS-Kernel/portable/ThirdParty/GCC/RP2350_ARM_NTZ/non_secure/port.c.obj
 .text.vYieldCore
                0x100021e4       0x18 CMakeFiles/tear.dir/C_/Users/mike/Documents/PicoCbook/C18/FreeRTOS-Kernel/portable/ThirdParty/GCC/RP2350_ARM_NTZ/non_secure/port.c.obj
                0x100021e4                vYieldCore
 *fill*         0x100021fc        0x4 
 .text.vRestoreContextOfFirstTask
                0x10002200       0x38 CMakeFiles/tear.dir/C_/Users/mike/Documents/PicoCbook/C18/FreeRTOS-Kernel/portable/ThirdParty/GCC/RP2350_ARM_NTZ/non_secure/portasm.c.obj
                0x10002200                vRestoreContextOfFirstTask
 .text.vStartFirstTask
                0x10002238       0x10 CMakeFiles/tear.dir/C_/Users/mike/Documents/PicoCbook/C18/FreeRTOS-Kernel/portable/ThirdParty/GCC/RP2350_ARM_NTZ/non_secure/portasm.c.obj
                0x10002238                vStartFirstTask
 .text.ulSetInterruptMask
                0x10002248       0x18 CMakeFiles/tear.dir/C_/Users/mike/Documents/PicoCbook/C18/FreeRTOS-Kernel/portable/ThirdParty/GCC/RP2350_ARM_NTZ/non_secure/portasm.c.obj
                0x10002248                ulSetInterruptMask
 .text.vClearInterruptMask
                0x10002260       0x10 CMakeFiles/tear.dir/C_/Users/mike/Documents/PicoCbook/C18/FreeRTOS-Kernel/portable/ThirdParty/GCC/RP2350_ARM_NTZ/non_secure/portasm.c.obj
                0x10002260                vClearInterruptMask
 .text.PendSV_Handler
                0x10002270       0x98 CMakeFiles/tear.dir/C_/Users/mike/Documents/PicoCbook/C18/FreeRTOS-Kernel/portable/ThirdParty/GCC/RP2350_ARM_NTZ/non_secure/portasm.c.obj
                0x10002270                PendSV_Handler
 .text.SVC_Handler
                0x10002308       0x18 CMakeFiles/tear.dir/C_/Users/mike/Documents/PicoCbook/C18/FreeRTOS-Kernel/portable/ThirdParty/GCC/RP2350_ARM_NTZ/non_secure/portasm.c.obj
                0x10002308                SVC_Handler
 .text.vEventGroupSetBitsCallback
                0x10002320       0x64 CMakeFiles/tear.dir/C_/Users/mike/Documents/PicoCbook/C18/FreeRTOS-Kernel/event_groups.c.obj
                0x10002320                vEventGroupSetBitsCallback
 .text.xEventGroupCreate
                0x10002384       0x1c CMakeFiles/tear.dir/C_/Users/mike/Documents/PicoCbook/C18/FreeRTOS-Kernel/event_groups.c.obj
                0x10002384                xEventGroupCreate
 .text.xEventGroupWaitBits
                0x100023a0       0xb0 CMakeFiles/tear.dir/C_/Users/mike/Documents/PicoCbook/C18/FreeRTOS-Kernel/event_groups.c.obj
                0x100023a0                xEventGroupWaitBits
 .text.xEventGroupSetBits
                0x10002450       0x68 CMakeFiles/tear.dir/C_/Users/mike/Documents/PicoCbook/C18/FreeRTOS-Kernel/event_groups.c.obj
                0x10002450                xEventGroupSetBits
 .text.xEventGroupSetBitsFromISR
                0x100024b8       0x1c CMakeFiles/tear.dir/C_/Users/mike/Documents/PicoCbook/C18/FreeRTOS-Kernel/event_groups.c.obj
                0x100024b8                xEventGroupSetBitsFromISR
 .text.vListInitialise
                0x100024d4       0x18 CMakeFiles/tear.dir/C_/Users/mike/Documents/PicoCbook/C18/FreeRTOS-Kernel/list.c.obj
                0x100024d4                vListInitialise
 .text.vListInitialiseItem
                0x100024ec        0x8 CMakeFiles/tear.dir/C_/Users/mike/Documents/PicoCbook/C18/FreeRTOS-Kernel/list.c.obj
                0x100024ec                vListInitialiseItem
 .text.vListInsertEnd
                0x100024f4       0x1c CMakeFiles/tear.dir/C_/Users/mike/Documents/PicoCbook/C18/FreeRTOS-Kernel/list.c.obj
                0x100024f4                vListInsertEnd
 .text.vListInsert
                0x10002510       0x30 CMakeFiles/tear.dir/C_/Users/mike/Documents/PicoCbook/C18/FreeRTOS-Kernel/list.c.obj
                0x10002510                vListInsert
 .text.uxListRemove
                0x10002540       0x28 CMakeFiles/tear.dir/C_/Users/mike/Documents/PicoCbook/C18/FreeRTOS-Kernel/list.c.obj
                0x10002540                uxListRemove
 .text.prvCopyDataToQueue
                0x10002568       0x78 CMakeFiles/tear.dir/C_/Users/mike/Documents/PicoCbook/C18/FreeRTOS-Kernel/queue.c.obj
 .text.prvUnlockQueue
                0x100025e0      0x190 CMakeFiles/tear.dir/C_/Users/mike/Documents/PicoCbook/C18/FreeRTOS-Kernel/queue.c.obj
 .text.prvNotifyQueueSetContainer
                0x10002770       0x84 CMakeFiles/tear.dir/C_/Users/mike/Documents/PicoCbook/C18/FreeRTOS-Kernel/queue.c.obj
 .text.xQueueGenericCreate
                0x100027f4       0x80 CMakeFiles/tear.dir/C_/Users/mike/Documents/PicoCbook/C18/FreeRTOS-Kernel/queue.c.obj
                0x100027f4                xQueueGenericCreate
 .text.xQueueGenericSendFromISR
                0x10002874       0xa0 CMakeFiles/tear.dir/C_/Users/mike/Documents/PicoCbook/C18/FreeRTOS-Kernel/queue.c.obj
                0x10002874                xQueueGenericSendFromISR
 .text.xQueueReceive
                0x10002914       0xfc CMakeFiles/tear.dir/C_/Users/mike/Documents/PicoCbook/C18/FreeRTOS-Kernel/queue.c.obj
                0x10002914                xQueueReceive
 .text.vQueueAddToRegistry
                0x10002a10      0x130 CMakeFiles/tear.dir/C_/Users/mike/Documents/PicoCbook/C18/FreeRTOS-Kernel/queue.c.obj
                0x10002a10                vQueueAddToRegistry
 .text.vQueueWaitForMessageRestricted
                0x10002b40       0x50 CMakeFiles/tear.dir/C_/Users/mike/Documents/PicoCbook/C18/FreeRTOS-Kernel/queue.c.obj
                0x10002b40                vQueueWaitForMessageRestricted
 .text.prvPassiveIdleTask
                0x10002b90       0x20 CMakeFiles/tear.dir/C_/Users/mike/Documents/PicoCbook/C18/FreeRTOS-Kernel/tasks.c.obj
 .text.prvYieldForTask
                0x10002bb0       0xe0 CMakeFiles/tear.dir/C_/Users/mike/Documents/PicoCbook/C18/FreeRTOS-Kernel/tasks.c.obj
 .text.vTaskExitCritical.part.0
                0x10002c90       0x8c CMakeFiles/tear.dir/C_/Users/mike/Documents/PicoCbook/C18/FreeRTOS-Kernel/tasks.c.obj
 .text.prvCreateTask
                0x10002d1c      0x138 CMakeFiles/tear.dir/C_/Users/mike/Documents/PicoCbook/C18/FreeRTOS-Kernel/tasks.c.obj
 .text.prvCheckForRunStateChange
                0x10002e54      0x160 CMakeFiles/tear.dir/C_/Users/mike/Documents/PicoCbook/C18/FreeRTOS-Kernel/tasks.c.obj
 .text.vTaskSuspendAll.part.0
                0x10002fb4       0xf8 CMakeFiles/tear.dir/C_/Users/mike/Documents/PicoCbook/C18/FreeRTOS-Kernel/tasks.c.obj
 .text.prvCheckTasksWaitingTermination
                0x100030ac      0x194 CMakeFiles/tear.dir/C_/Users/mike/Documents/PicoCbook/C18/FreeRTOS-Kernel/tasks.c.obj
 .text.prvIdleTask
                0x10003240       0x1c CMakeFiles/tear.dir/C_/Users/mike/Documents/PicoCbook/C18/FreeRTOS-Kernel/tasks.c.obj
 .text.prvAddCurrentTaskToDelayedList
                0x1000325c      0x13c CMakeFiles/tear.dir/C_/Users/mike/Documents/PicoCbook/C18/FreeRTOS-Kernel/tasks.c.obj
 .text.vTaskCoreAffinitySet
                0x10003398      0x1bc CMakeFiles/tear.dir/C_/Users/mike/Documents/PicoCbook/C18/FreeRTOS-Kernel/tasks.c.obj
                0x10003398                vTaskCoreAffinitySet
 .text.vTaskSuspendAll
                0x10003554       0x10 CMakeFiles/tear.dir/C_/Users/mike/Documents/PicoCbook/C18/FreeRTOS-Kernel/tasks.c.obj
                0x10003554                vTaskSuspendAll
 .text.xTaskGetTickCount
                0x10003564        0xc CMakeFiles/tear.dir/C_/Users/mike/Documents/PicoCbook/C18/FreeRTOS-Kernel/tasks.c.obj
                0x10003564                xTaskGetTickCount
 .text.uxTaskGetNumberOfTasks
                0x10003570        0xc CMakeFiles/tear.dir/C_/Users/mike/Documents/PicoCbook/C18/FreeRTOS-Kernel/tasks.c.obj
                0x10003570                uxTaskGetNumberOfTasks
 .text.xTaskIncrementTick
                0x1000357c      0x234 CMakeFiles/tear.dir/C_/Users/mike/Documents/PicoCbook/C18/FreeRTOS-Kernel/tasks.c.obj
                0x1000357c                xTaskIncrementTick
 .text.vTaskSwitchContext
                0x100037b0      0x314 CMakeFiles/tear.dir/C_/Users/mike/Documents/PicoCbook/C18/FreeRTOS-Kernel/tasks.c.obj
                0x100037b0                vTaskSwitchContext
 .text.vTaskPlaceOnEventList
                0x10003ac4       0x34 CMakeFiles/tear.dir/C_/Users/mike/Documents/PicoCbook/C18/FreeRTOS-Kernel/tasks.c.obj
                0x10003ac4                vTaskPlaceOnEventList
 .text.vTaskPlaceOnUnorderedEventList
                0x10003af8       0xa0 CMakeFiles/tear.dir/C_/Users/mike/Documents/PicoCbook/C18/FreeRTOS-Kernel/tasks.c.obj
                0x10003af8                vTaskPlaceOnUnorderedEventList
 .text.vTaskPlaceOnEventListRestricted
                0x10003b98       0x9c CMakeFiles/tear.dir/C_/Users/mike/Documents/PicoCbook/C18/FreeRTOS-Kernel/tasks.c.obj
                0x10003b98                vTaskPlaceOnEventListRestricted
 .text.xTaskRemoveFromEventList
                0x10003c34       0xc0 CMakeFiles/tear.dir/C_/Users/mike/Documents/PicoCbook/C18/FreeRTOS-Kernel/tasks.c.obj
                0x10003c34                xTaskRemoveFromEventList
 .text.vTaskInternalSetTimeOutState
                0x10003cf4       0x18 CMakeFiles/tear.dir/C_/Users/mike/Documents/PicoCbook/C18/FreeRTOS-Kernel/tasks.c.obj
                0x10003cf4                vTaskInternalSetTimeOutState
 .text.vTaskMissedYield
                0x10003d0c       0x14 CMakeFiles/tear.dir/C_/Users/mike/Documents/PicoCbook/C18/FreeRTOS-Kernel/tasks.c.obj
                0x10003d0c                vTaskMissedYield
 .text.xTaskGetCurrentTaskHandle
                0x10003d20       0x20 CMakeFiles/tear.dir/C_/Users/mike/Documents/PicoCbook/C18/FreeRTOS-Kernel/tasks.c.obj
                0x10003d20                xTaskGetCurrentTaskHandle
 .text.xTaskPriorityDisinherit
                0x10003d40       0xbc CMakeFiles/tear.dir/C_/Users/mike/Documents/PicoCbook/C18/FreeRTOS-Kernel/tasks.c.obj
                0x10003d40                xTaskPriorityDisinherit
 .text.vTaskYieldWithinAPI
                0x10003dfc       0x24 CMakeFiles/tear.dir/C_/Users/mike/Documents/PicoCbook/C18/FreeRTOS-Kernel/tasks.c.obj
                0x10003dfc                vTaskYieldWithinAPI
 .text.vTaskEnterCritical
                0x10003e20      0x11c CMakeFiles/tear.dir/C_/Users/mike/Documents/PicoCbook/C18/FreeRTOS-Kernel/tasks.c.obj
                0x10003e20                vTaskEnterCritical
 .text.prvAddNewTaskToReadyList
                0x10003f3c       0xf4 CMakeFiles/tear.dir/C_/Users/mike/Documents/PicoCbook/C18/FreeRTOS-Kernel/tasks.c.obj
 .text.xTaskCreate
                0x10004030       0x2c CMakeFiles/tear.dir/C_/Users/mike/Documents/PicoCbook/C18/FreeRTOS-Kernel/tasks.c.obj
                0x10004030                xTaskCreate
 .text.xTaskCreateAffinitySet
                0x1000405c       0x28 CMakeFiles/tear.dir/C_/Users/mike/Documents/PicoCbook/C18/FreeRTOS-Kernel/tasks.c.obj
                0x1000405c                xTaskCreateAffinitySet
 .text.vTaskStartScheduler
                0x10004084       0xc8 CMakeFiles/tear.dir/C_/Users/mike/Documents/PicoCbook/C18/FreeRTOS-Kernel/tasks.c.obj
                0x10004084                vTaskStartScheduler
 .text.xTaskResumeAll.part.0
                0x1000414c      0x1a0 CMakeFiles/tear.dir/C_/Users/mike/Documents/PicoCbook/C18/FreeRTOS-Kernel/tasks.c.obj
 .text.xTaskResumeAll
                0x100042ec       0x10 CMakeFiles/tear.dir/C_/Users/mike/Documents/PicoCbook/C18/FreeRTOS-Kernel/tasks.c.obj
                0x100042ec                xTaskResumeAll
 .text.vTaskRemoveFromUnorderedEventList
                0x100042fc       0x94 CMakeFiles/tear.dir/C_/Users/mike/Documents/PicoCbook/C18/FreeRTOS-Kernel/tasks.c.obj
                0x100042fc                vTaskRemoveFromUnorderedEventList
 .text.xTaskCheckForTimeOut
                0x10004390       0xa4 CMakeFiles/tear.dir/C_/Users/mike/Documents/PicoCbook/C18/FreeRTOS-Kernel/tasks.c.obj
                0x10004390                xTaskCheckForTimeOut
 .text.vTaskEnterCriticalFromISR
                0x10004434       0x94 CMakeFiles/tear.dir/C_/Users/mike/Documents/PicoCbook/C18/FreeRTOS-Kernel/tasks.c.obj
                0x10004434                vTaskEnterCriticalFromISR
 .text.vTaskExitCritical
                0x100044c8       0x98 CMakeFiles/tear.dir/C_/Users/mike/Documents/PicoCbook/C18/FreeRTOS-Kernel/tasks.c.obj
                0x100044c8                vTaskExitCritical
 .text.vTaskExitCriticalFromISR
                0x10004560       0x64 CMakeFiles/tear.dir/C_/Users/mike/Documents/PicoCbook/C18/FreeRTOS-Kernel/tasks.c.obj
                0x10004560                vTaskExitCriticalFromISR
 .text.uxTaskResetEventItemValue
                0x100045c4       0x44 CMakeFiles/tear.dir/C_/Users/mike/Documents/PicoCbook/C18/FreeRTOS-Kernel/tasks.c.obj
                0x100045c4                uxTaskResetEventItemValue
 .text.prvTimerTask
                0x10004608      0x350 CMakeFiles/tear.dir/C_/Users/mike/Documents/PicoCbook/C18/FreeRTOS-Kernel/timers.c.obj
 .text.xTimerCreateTimerTask
                0x10004958       0x8c CMakeFiles/tear.dir/C_/Users/mike/Documents/PicoCbook/C18/FreeRTOS-Kernel/timers.c.obj
                0x10004958                xTimerCreateTimerTask
 .text.xTimerPendFunctionCallFromISR
                0x100049e4       0x30 CMakeFiles/tear.dir/C_/Users/mike/Documents/PicoCbook/C18/FreeRTOS-Kernel/timers.c.obj
                0x100049e4                xTimerPendFunctionCallFromISR
 .text.exception_set_exclusive_handler
                0x10004a14       0x4c CMakeFiles/tear.dir/C_/Users/mike/.pico-sdk/sdk/2.1.1/src/rp2_common/hardware_exception/exception.c.obj
                0x10004a14                exception_set_exclusive_handler
 .text.pvPortMalloc
                0x10004a60      0x114 CMakeFiles/tear.dir/C_/Users/mike/Documents/PicoCbook/C18/FreeRTOS-Kernel/portable/MemMang/heap_4.c.obj
                0x10004a60                pvPortMalloc
 .text.vPortFree
                0x10004b74       0xa4 CMakeFiles/tear.dir/C_/Users/mike/Documents/PicoCbook/C18/FreeRTOS-Kernel/portable/MemMang/heap_4.c.obj
                0x10004b74                vPortFree
 .text.memset   0x10004c18       0x9c C:/Users/mike/.pico-sdk/toolchain/14_2_Rel1/bin/../lib/gcc/arm-none-eabi/14.2.1/thumb/v8-m.main+fp/softfp\libg.a(libc_a-memset.o)
                0x10004c18                memset
 .text          0x10004cb4       0xec C:/Users/mike/.pico-sdk/toolchain/14_2_Rel1/bin/../lib/gcc/arm-none-eabi/14.2.1/thumb/v8-m.main+fp/softfp\libg.a(libc_a-memcpy.o)
                0x10004cb4                memcpy
 .text.strlen   0x10004da0       0x5c C:/Users/mike/.pico-sdk/toolchain/14_2_Rel1/bin/../lib/gcc/arm-none-eabi/14.2.1/thumb/v8-m.main+fp/softfp\libg.a(libc_a-strlen-stub.o)
                0x10004da0                strlen
 *(.fini)
 .fini          0x10004dfc        0x4 C:/Users/mike/.pico-sdk/toolchain/14_2_Rel1/bin/../lib/gcc/arm-none-eabi/14.2.1/thumb/v8-m.main+fp/softfp/crti.o
                0x10004dfc                _fini
 .fini.__stub   0x10004e00       0x18 linker stubs
 *crtbegin.o(.ctors)
 *crtbegin?.o(.ctors)
 *(EXCLUDE_FILE(*crtend.o *crtend?.o) .ctors)
 *(SORT_BY_NAME(.ctors.*))
 *(.ctors)
 *crtbegin.o(.dtors)
 *crtbegin?.o(.dtors)
 *(EXCLUDE_FILE(*crtend.o *crtend?.o) .dtors)
 *(SORT_BY_NAME(.dtors.*))
 *(.dtors)
                0x10004e18                        . = ALIGN (0x4)
                0x10004e18                        PROVIDE (__preinit_array_start = .)
 *(SORT_BY_NAME(.preinit_array.*))
 .preinit_array.00050
                0x10004e18        0x4 CMakeFiles/tear.dir/C_/Users/mike/.pico-sdk/sdk/2.1.1/src/rp2_common/pico_runtime_init/runtime_init.c.obj
                0x10004e18                __pre_init_runtime_init_bootrom_reset
 .preinit_array.00100
                0x10004e1c        0x4 CMakeFiles/tear.dir/C_/Users/mike/.pico-sdk/sdk/2.1.1/src/rp2_common/pico_runtime_init/runtime_init.c.obj
                0x10004e1c                __pre_init_runtime_init_early_resets
 .preinit_array.00101
                0x10004e20        0x4 CMakeFiles/tear.dir/C_/Users/mike/.pico-sdk/sdk/2.1.1/src/rp2_common/pico_runtime_init/runtime_init.c.obj
                0x10004e20                __pre_init_runtime_init_usb_power_down
 .preinit_array.00500
                0x10004e24        0x4 CMakeFiles/tear.dir/C_/Users/mike/.pico-sdk/sdk/2.1.1/src/rp2_common/pico_runtime_init/runtime_init.c.obj
                0x10004e24                __pre_init_runtime_init_clocks
 .preinit_array.00600
                0x10004e28        0x4 CMakeFiles/tear.dir/C_/Users/mike/.pico-sdk/sdk/2.1.1/src/rp2_common/pico_runtime_init/runtime_init.c.obj
                0x10004e28                __pre_init_runtime_init_post_clock_resets
 .preinit_array.01000
                0x10004e2c        0x4 CMakeFiles/tear.dir/C_/Users/mike/.pico-sdk/sdk/2.1.1/src/rp2_common/hardware_boot_lock/boot_lock.c.obj
                0x10004e2c                __pre_init_runtime_init_boot_locks_reset
 .preinit_array.01000
                0x10004e30        0x4 CMakeFiles/tear.dir/C_/Users/mike/.pico-sdk/sdk/2.1.1/src/rp2_common/pico_runtime_init/runtime_init.c.obj
                0x10004e30                __pre_init_runtime_init_spin_locks_reset
 .preinit_array.01010
                0x10004e34        0x4 CMakeFiles/tear.dir/C_/Users/mike/.pico-sdk/sdk/2.1.1/src/rp2_common/pico_bootrom/bootrom_lock.c.obj
                0x10004e34                __pre_init_runtime_init_bootrom_locking_enable
 .preinit_array.01100
                0x10004e38        0x4 CMakeFiles/tear.dir/C_/Users/mike/.pico-sdk/sdk/2.1.1/src/common/pico_sync/mutex.c.obj
                0x10004e38                __pre_init_runtime_init_mutex
 .preinit_array.10080
                0x10004e3c        0x4 CMakeFiles/tear.dir/C_/Users/mike/.pico-sdk/sdk/2.1.1/src/rp2_common/pico_runtime_init/runtime_init.c.obj
                0x10004e3c                __pre_init_runtime_init_install_ram_vector_table
 .preinit_array.11000
                0x10004e40        0x4 CMakeFiles/tear.dir/C_/Users/mike/.pico-sdk/sdk/2.1.1/src/common/pico_time/time.c.obj
                0x10004e40                __pre_init_runtime_init_default_alarm_pool
 .preinit_array.YYYYY
                0x10004e44        0x4 CMakeFiles/tear.dir/C_/Users/mike/.pico-sdk/sdk/2.1.1/src/rp2_common/pico_runtime/runtime.c.obj
                0x10004e44                __pre_init_first_per_core_initializer
 .preinit_array.ZZZZZ.00051
                0x10004e48        0x4 CMakeFiles/tear.dir/C_/Users/mike/.pico-sdk/sdk/2.1.1/src/rp2_common/pico_runtime_init/runtime_init.c.obj
                0x10004e48                __pre_init_runtime_init_per_core_bootrom_reset
 .preinit_array.ZZZZZ.00200
                0x10004e4c        0x4 CMakeFiles/tear.dir/C_/Users/mike/.pico-sdk/sdk/2.1.1/src/rp2_common/pico_runtime_init/runtime_init.c.obj
                0x10004e4c                __pre_init_runtime_init_per_core_enable_coprocessors
 .preinit_array.ZZZZZ.01000
                0x10004e50        0x4 CMakeFiles/tear.dir/C_/Users/mike/.pico-sdk/sdk/2.1.1/src/rp2_common/hardware_sync_spin_lock/sync_spin_lock.c.obj
                0x10004e50                __pre_init_spinlock_set_extexclall
 .preinit_array.ZZZZZ.01200
                0x10004e54        0x4 CMakeFiles/tear.dir/C_/Users/mike/.pico-sdk/sdk/2.1.1/src/rp2_common/hardware_irq/irq.c.obj
                0x10004e54                __pre_init_runtime_init_per_core_irq_priorities
 *(.preinit_array)
                0x10004e58                        PROVIDE (__preinit_array_end = .)
                0x10004e58                        . = ALIGN (0x4)
                0x10004e58                        PROVIDE (__init_array_start = .)
 *(SORT_BY_NAME(.init_array.*))
 *(.init_array)
 .init_array    0x10004e58        0x4 C:/Users/mike/.pico-sdk/toolchain/14_2_Rel1/bin/../lib/gcc/arm-none-eabi/14.2.1/thumb/v8-m.main+fp/softfp/crtbegin.o
 .init_array    0x10004e5c        0x4 CMakeFiles/tear.dir/C_/Users/mike/Documents/PicoCbook/C18/FreeRTOS-Kernel/portable/ThirdParty/GCC/RP2350_ARM_NTZ/non_secure/port.c.obj
                0x10004e60                        PROVIDE (__init_array_end = .)
                0x10004e60                        . = ALIGN (0x4)
                [!provide]                        PROVIDE (__fini_array_start = .)
 *(SORT_BY_NAME(.fini_array.*))
 *(.fini_array)
                [!provide]                        PROVIDE (__fini_array_end = .)
 *(.eh_frame*)
 .eh_frame      0x10004e60        0x0 C:/Users/mike/.pico-sdk/toolchain/14_2_Rel1/bin/../lib/gcc/arm-none-eabi/14.2.1/thumb/v8-m.main+fp/softfp/crtbegin.o
                0x10004e60                        . = ALIGN (0x4)

.glue_7         0x10004e60        0x0
 .glue_7        0x10004e60        0x0 linker stubs

.glue_7t        0x10004e60        0x0
 .glue_7t       0x10004e60        0x0 linker stubs

.vfp11_veneer   0x10004e60        0x0
 .vfp11_veneer  0x10004e60        0x0 linker stubs

.v4_bx          0x10004e60        0x0
 .v4_bx         0x10004e60        0x0 linker stubs

.iplt           0x10004e60        0x0
 .iplt          0x10004e60        0x0 C:/Users/mike/.pico-sdk/toolchain/14_2_Rel1/bin/../lib/gcc/arm-none-eabi/14.2.1/thumb/v8-m.main+fp/softfp/crtbegin.o

.boot2          0x10004e60        0x0
                0x10004e60                        __boot2_start__ = .
 *(.boot2)
                0x10004e60                        __boot2_end__ = .
                0x00000001                        ASSERT (((__boot2_end__ - __boot2_start__) <= 0x100), ERROR: Pico second stage bootloader must be no more than 256 bytes in size)

.rodata         0x10004e60      0x188
 *(EXCLUDE_FILE(*libm.a: *libc.a:*lib_a-mem*.o *libgcc.a:) .rodata*)
 .rodata        0x10004e60        0xe CMakeFiles/tear.dir/tear.c.obj
 *fill*         0x10004e6e        0x2 
 .rodata.panic.str1.4
                0x10004e70       0xf4 CMakeFiles/tear.dir/C_/Users/mike/.pico-sdk/sdk/2.1.1/src/rp2_common/pico_platform_panic/panic.c.obj
                                 0x12 (size before relaxing)
 .rodata.spin_lock_claim.str1.4
                0x10004f64       0x1f CMakeFiles/tear.dir/C_/Users/mike/.pico-sdk/sdk/2.1.1/src/rp2_common/hardware_sync/sync.c.obj
 .rodata.timer_hardware_alarm_claim.str1.4
                0x10004f64       0x22 CMakeFiles/tear.dir/C_/Users/mike/.pico-sdk/sdk/2.1.1/src/rp2_common/hardware_timer/timer.c.obj
 .rodata.hard_assertion_failure.str1.4
                0x10004f64        0xc CMakeFiles/tear.dir/C_/Users/mike/.pico-sdk/sdk/2.1.1/src/rp2_common/pico_runtime/runtime.c.obj
 .rodata.str1.4
                0x10004f64       0x40 CMakeFiles/tear.dir/C_/Users/mike/.pico-sdk/sdk/2.1.1/src/rp2_common/pico_standard_binary_info/standard_binary_info.c.obj
 .rodata.__bi_84
                0x10004f64        0xc CMakeFiles/tear.dir/C_/Users/mike/.pico-sdk/sdk/2.1.1/src/rp2_common/pico_standard_binary_info/standard_binary_info.c.obj
 .rodata.__bi_78
                0x10004f70        0xc CMakeFiles/tear.dir/C_/Users/mike/.pico-sdk/sdk/2.1.1/src/rp2_common/pico_standard_binary_info/standard_binary_info.c.obj
 .rodata.__bi_60
                0x10004f7c        0xc CMakeFiles/tear.dir/C_/Users/mike/.pico-sdk/sdk/2.1.1/src/rp2_common/pico_standard_binary_info/standard_binary_info.c.obj
 .rodata.__bi_54
                0x10004f88        0xc CMakeFiles/tear.dir/C_/Users/mike/.pico-sdk/sdk/2.1.1/src/rp2_common/pico_standard_binary_info/standard_binary_info.c.obj
 .rodata.__bi_48
                0x10004f94        0xc CMakeFiles/tear.dir/C_/Users/mike/.pico-sdk/sdk/2.1.1/src/rp2_common/pico_standard_binary_info/standard_binary_info.c.obj
 .rodata.__bi_42
                0x10004fa0        0xc CMakeFiles/tear.dir/C_/Users/mike/.pico-sdk/sdk/2.1.1/src/rp2_common/pico_standard_binary_info/standard_binary_info.c.obj
 .rodata.__bi_34
                0x10004fac        0xc CMakeFiles/tear.dir/C_/Users/mike/.pico-sdk/sdk/2.1.1/src/rp2_common/pico_standard_binary_info/standard_binary_info.c.obj
 .rodata.__bi_26
                0x10004fb8        0xc CMakeFiles/tear.dir/C_/Users/mike/.pico-sdk/sdk/2.1.1/src/rp2_common/pico_standard_binary_info/standard_binary_info.c.obj
 .rodata.crlf_str.0
                0x10004fc4        0x2 CMakeFiles/tear.dir/C_/Users/mike/.pico-sdk/sdk/2.1.1/src/rp2_common/pico_stdio/stdio.c.obj
 .rodata.str1.4
                0x10004fc6       0x2c CMakeFiles/tear.dir/C_/Users/mike/.pico-sdk/sdk/2.1.1/src/rp2_common/pico_stdio_uart/stdio_uart.c.obj
 *fill*         0x10004fc6        0x2 
 .rodata.__bi_45.4
                0x10004fc8        0xc CMakeFiles/tear.dir/C_/Users/mike/.pico-sdk/sdk/2.1.1/src/rp2_common/pico_stdio_uart/stdio_uart.c.obj
 .rodata.__bi_49.5
                0x10004fd4        0x8 CMakeFiles/tear.dir/C_/Users/mike/.pico-sdk/sdk/2.1.1/src/rp2_common/pico_stdio_uart/stdio_uart.c.obj
 .rodata.__bi_50.6
                0x10004fdc        0x8 CMakeFiles/tear.dir/C_/Users/mike/.pico-sdk/sdk/2.1.1/src/rp2_common/pico_stdio_uart/stdio_uart.c.obj
 .rodata.multicore_doorbell_claim_unused.str1.4
                0x10004fe4       0x12 CMakeFiles/tear.dir/C_/Users/mike/.pico-sdk/sdk/2.1.1/src/rp2_common/pico_multicore/multicore.c.obj
 .rodata.uxTopUsedPriority
                0x10004fe4        0x4 CMakeFiles/tear.dir/C_/Users/mike/Documents/PicoCbook/C18/FreeRTOS-Kernel/tasks.c.obj
 .rodata.xTimerCreateTimerTask.str1.4
                0x10004fe8       0x10 CMakeFiles/tear.dir/C_/Users/mike/Documents/PicoCbook/C18/FreeRTOS-Kernel/timers.c.obj
 *(.srodata*)
                0x10004ff8                        . = ALIGN (0x4)
 *(SORT_BY_ALIGNMENT(SORT_BY_NAME(.flashdata*)))
                0x10004ff8                        . = ALIGN (0x4)

.ARM.extab
 *(.ARM.extab* .gnu.linkonce.armextab.*)
                0x10004fe8                        __exidx_start = .

.ARM.exidx      0x10004fe8        0x8
 *(.ARM.exidx* .gnu.linkonce.armexidx.*)
 .ARM.exidx     0x10004fe8        0x8 C:/Users/mike/.pico-sdk/toolchain/14_2_Rel1/bin/../lib/gcc/arm-none-eabi/14.2.1/thumb/v8-m.main+fp/softfp\libg.a(libc_a-memcpy.o)
 .ARM.exidx.text.__udivmoddi4
                0x10004ff0        0x0 C:/Users/mike/.pico-sdk/toolchain/14_2_Rel1/bin/../lib/gcc/arm-none-eabi/14.2.1/thumb/v8-m.main+fp/softfp\libgcc.a(_udivmoddi4.o)
                                  0x8 (size before relaxing)
                0x10004ff0                        __exidx_end = .
                0x10004ff0                        . = ALIGN (0x4)
                0x10004ff0                        __binary_info_start = .

.binary_info    0x10004ff0       0x2c
 *(.binary_info.keep.*)
 .binary_info.keep.__bi_ptr84
                0x10004ff0        0x4 CMakeFiles/tear.dir/C_/Users/mike/.pico-sdk/sdk/2.1.1/src/rp2_common/pico_standard_binary_info/standard_binary_info.c.obj
 .binary_info.keep.__bi_ptr78
                0x10004ff4        0x4 CMakeFiles/tear.dir/C_/Users/mike/.pico-sdk/sdk/2.1.1/src/rp2_common/pico_standard_binary_info/standard_binary_info.c.obj
 .binary_info.keep.__bi_ptr60
                0x10004ff8        0x4 CMakeFiles/tear.dir/C_/Users/mike/.pico-sdk/sdk/2.1.1/src/rp2_common/pico_standard_binary_info/standard_binary_info.c.obj
 .binary_info.keep.__bi_ptr54
                0x10004ffc        0x4 CMakeFiles/tear.dir/C_/Users/mike/.pico-sdk/sdk/2.1.1/src/rp2_common/pico_standard_binary_info/standard_binary_info.c.obj
 .binary_info.keep.__bi_ptr48
                0x10005000        0x4 CMakeFiles/tear.dir/C_/Users/mike/.pico-sdk/sdk/2.1.1/src/rp2_common/pico_standard_binary_info/standard_binary_info.c.obj
 .binary_info.keep.__bi_ptr42
                0x10005004        0x4 CMakeFiles/tear.dir/C_/Users/mike/.pico-sdk/sdk/2.1.1/src/rp2_common/pico_standard_binary_info/standard_binary_info.c.obj
 .binary_info.keep.__bi_ptr34
                0x10005008        0x4 CMakeFiles/tear.dir/C_/Users/mike/.pico-sdk/sdk/2.1.1/src/rp2_common/pico_standard_binary_info/standard_binary_info.c.obj
 .binary_info.keep.__bi_ptr26
                0x1000500c        0x4 CMakeFiles/tear.dir/C_/Users/mike/.pico-sdk/sdk/2.1.1/src/rp2_common/pico_standard_binary_info/standard_binary_info.c.obj
 *(.binary_info.*)
 .binary_info.__bi_ptr50
                0x10005010        0x4 CMakeFiles/tear.dir/C_/Users/mike/.pico-sdk/sdk/2.1.1/src/rp2_common/pico_stdio_uart/stdio_uart.c.obj
 .binary_info.__bi_ptr49
                0x10005014        0x4 CMakeFiles/tear.dir/C_/Users/mike/.pico-sdk/sdk/2.1.1/src/rp2_common/pico_stdio_uart/stdio_uart.c.obj
 .binary_info.__bi_ptr45
                0x10005018        0x4 CMakeFiles/tear.dir/C_/Users/mike/.pico-sdk/sdk/2.1.1/src/rp2_common/pico_stdio_uart/stdio_uart.c.obj
                0x1000501c                        __binary_info_end = .
                0x1000501c                        . = ALIGN (0x4)

.ram_vector_table
                0x20000000      0x110
 *(.ram_vector_table)
 .ram_vector_table
                0x20000000      0x110 CMakeFiles/tear.dir/C_/Users/mike/.pico-sdk/sdk/2.1.1/src/rp2_common/pico_runtime_init/runtime_init.c.obj
                0x20000000                ram_vector_table

.uninitialized_data
                0x20000110        0x0
                0x20000110                        . = ALIGN (0x4)
 *(.uninitialized_data*)

.data           0x20000110      0x578 load address 0x1000501c
                0x20000110                        __data_start__ = .
 *(vtable)
 *(.time_critical*)
 .time_critical.mutex_try_enter_block_until
                0x20000110       0xac CMakeFiles/tear.dir/C_/Users/mike/.pico-sdk/sdk/2.1.1/src/common/pico_sync/mutex.c.obj
                0x20000110                mutex_try_enter_block_until
 .time_critical.mutex_exit
                0x200001bc       0x34 CMakeFiles/tear.dir/C_/Users/mike/.pico-sdk/sdk/2.1.1/src/common/pico_sync/mutex.c.obj
                0x200001bc                mutex_exit
 *(.text*)
 .text          0x200001f0       0xa0 C:/Users/mike/.pico-sdk/toolchain/14_2_Rel1/bin/../lib/gcc/arm-none-eabi/14.2.1/thumb/v8-m.main+fp/softfp\libgcc.a(_aeabi_ldivmod.o)
                0x200001f0                __aeabi_ldivmod
 .text.__udivmoddi4
                0x20000290      0x34c C:/Users/mike/.pico-sdk/toolchain/14_2_Rel1/bin/../lib/gcc/arm-none-eabi/14.2.1/thumb/v8-m.main+fp/softfp\libgcc.a(_udivmoddi4.o)
                0x20000290                __udivmoddi4
 .text          0x200005dc        0x4 C:/Users/mike/.pico-sdk/toolchain/14_2_Rel1/bin/../lib/gcc/arm-none-eabi/14.2.1/thumb/v8-m.main+fp/softfp\libgcc.a(_dvmd_tls.o)
                0x200005dc                __aeabi_idiv0
                0x200005dc                __aeabi_ldiv0
 .text.__stub   0x200005e0       0x18 linker stubs
                0x200005f8                        . = ALIGN (0x4)
 *(.rodata*)
                0x200005f8                        . = ALIGN (0x4)
 *(.data*)
 .data.striped_spin_lock_num
                0x200005f8        0x1 CMakeFiles/tear.dir/C_/Users/mike/.pico-sdk/sdk/2.1.1/src/rp2_common/hardware_sync/sync.c.obj
 *fill*         0x200005f9        0x3 
 .data          0x200005fc       0x48 CMakeFiles/tear.dir/C_/Users/mike/.pico-sdk/sdk/2.1.1/src/rp2_common/hardware_irq/irq_handler_chain.S.obj
                0x200005fc                irq_handler_chain_slots
                0x2000062c                irq_handler_chain_first_slot
                0x20000636                irq_handler_chain_remove_tail
 .data.default_alarm_pool
                0x20000644       0x18 CMakeFiles/tear.dir/C_/Users/mike/.pico-sdk/sdk/2.1.1/src/common/pico_time/time.c.obj
 .data.stdio_uart
                0x2000065c       0x18 CMakeFiles/tear.dir/C_/Users/mike/.pico-sdk/sdk/2.1.1/src/rp2_common/pico_stdio_uart/stdio_uart.c.obj
                0x2000065c                stdio_uart
 .data.cDoorbellNum
                0x20000674        0x1 CMakeFiles/tear.dir/C_/Users/mike/Documents/PicoCbook/C18/FreeRTOS-Kernel/portable/ThirdParty/GCC/RP2350_ARM_NTZ/non_secure/port.c.obj
 .data.ucPrimaryCoreNum
                0x20000675        0x1 CMakeFiles/tear.dir/C_/Users/mike/Documents/PicoCbook/C18/FreeRTOS-Kernel/portable/ThirdParty/GCC/RP2350_ARM_NTZ/non_secure/port.c.obj
 *(.sdata*)
                0x20000678                        . = ALIGN (0x4)
 *fill*         0x20000676        0x2 
 *(.after_data.*)
                0x20000678                        . = ALIGN (0x4)
                0x20000678                        PROVIDE (__mutex_array_start = .)
 *(SORT_BY_NAME(.mutex_array.*))
 *(.mutex_array)
 .mutex_array   0x20000678        0x8 CMakeFiles/tear.dir/C_/Users/mike/.pico-sdk/sdk/2.1.1/src/rp2_common/pico_malloc/malloc.c.obj
 .mutex_array   0x20000680        0x8 CMakeFiles/tear.dir/C_/Users/mike/.pico-sdk/sdk/2.1.1/src/rp2_common/pico_stdio/stdio.c.obj
                0x20000688                        PROVIDE (__mutex_array_end = .)
 *(.jcr)
                0x20000688                        . = ALIGN (0x4)

.tm_clone_table
                0x20000688        0x0 load address 0x10005594
 .tm_clone_table
                0x20000688        0x0 C:/Users/mike/.pico-sdk/toolchain/14_2_Rel1/bin/../lib/gcc/arm-none-eabi/14.2.1/thumb/v8-m.main+fp/softfp/crtbegin.o
 .tm_clone_table
                0x20000688        0x0 C:/Users/mike/.pico-sdk/toolchain/14_2_Rel1/bin/../lib/gcc/arm-none-eabi/14.2.1/thumb/v8-m.main+fp/softfp/crtend.o

.igot.plt       0x20000688        0x0 load address 0x10005594
 .igot.plt      0x20000688        0x0 C:/Users/mike/.pico-sdk/toolchain/14_2_Rel1/bin/../lib/gcc/arm-none-eabi/14.2.1/thumb/v8-m.main+fp/softfp/crtbegin.o

.tdata          0x20000688        0x0 load address 0x10005594
                0x20000688                        . = ALIGN (0x4)
 *(.tdata .tdata.* .gnu.linkonce.td.*)
                0x20000688                        __tdata_end = .
                0x20000688                        PROVIDE (__data_end__ = .)
                0x1000501c                        __etext = LOADADDR (.data)

.tbss           0x20000688        0x0 load address 0x10005594
                0x20000688                        . = ALIGN (0x4)
                0x20000688                        __bss_start__ = .
                0x20000688                        __tls_base = .
 *(.tbss .tbss.* .gnu.linkonce.tb.*)
 *(.tcommon)
                0x20000688                        __tls_end = .

.bss            0x20000688    0x20614 load address 0x10005594
                0x20000688                        . = ALIGN (0x4)
                0x20000688                        __tbss_end = .
 *(SORT_BY_ALIGNMENT(SORT_BY_NAME(.bss*)))
 .bss.default_alarm_pool_entries
                0x20000688      0x180 CMakeFiles/tear.dir/C_/Users/mike/.pico-sdk/sdk/2.1.1/src/common/pico_time/time.c.obj
 .bss.flag      0x20000808        0x8 CMakeFiles/tear.dir/tear.c.obj
                0x20000808                flag
 .bss.xQueueRegistry
                0x20000810       0x40 CMakeFiles/tear.dir/C_/Users/mike/Documents/PicoCbook/C18/FreeRTOS-Kernel/queue.c.obj
                0x20000810                xQueueRegistry
 .bss._sw_spin_locks
                0x20000850       0x20 CMakeFiles/tear.dir/C_/Users/mike/.pico-sdk/sdk/2.1.1/src/rp2_common/hardware_sync_spin_lock/sync_spin_lock.c.obj
                0x20000850                _sw_spin_locks
 .bss.chars_available_callback
                0x20000870        0x4 CMakeFiles/tear.dir/C_/Users/mike/.pico-sdk/sdk/2.1.1/src/rp2_common/pico_stdio_uart/stdio_uart.c.obj
 .bss.chars_available_param
                0x20000874        0x4 CMakeFiles/tear.dir/C_/Users/mike/.pico-sdk/sdk/2.1.1/src/rp2_common/pico_stdio_uart/stdio_uart.c.obj
 .bss.claimed   0x20000878        0x4 CMakeFiles/tear.dir/C_/Users/mike/.pico-sdk/sdk/2.1.1/src/rp2_common/hardware_sync/sync.c.obj
 .bss.claimed   0x2000087c        0x2 CMakeFiles/tear.dir/C_/Users/mike/.pico-sdk/sdk/2.1.1/src/rp2_common/hardware_timer/timer.c.obj
 *fill*         0x2000087e        0x2 
 .bss.configured_freq
                0x20000880       0x28 CMakeFiles/tear.dir/C_/Users/mike/.pico-sdk/sdk/2.1.1/src/rp2_common/hardware_clocks/clocks.c.obj
 .bss.doorbell_claimed
                0x200008a8        0x2 CMakeFiles/tear.dir/C_/Users/mike/.pico-sdk/sdk/2.1.1/src/rp2_common/pico_multicore/multicore.c.obj
 *fill*         0x200008aa        0x2 
 .bss.drivers   0x200008ac        0x4 CMakeFiles/tear.dir/C_/Users/mike/.pico-sdk/sdk/2.1.1/src/rp2_common/pico_stdio/stdio.c.obj
 .bss.filter    0x200008b0        0x4 CMakeFiles/tear.dir/C_/Users/mike/.pico-sdk/sdk/2.1.1/src/rp2_common/pico_stdio/stdio.c.obj
 .bss.lazy_vsnprintf
                0x200008b4        0x4 CMakeFiles/tear.dir/C_/Users/mike/.pico-sdk/sdk/2.1.1/src/rp2_common/pico_printf/printf.c.obj
 .bss.object.0  0x200008b8       0x18 C:/Users/mike/.pico-sdk/toolchain/14_2_Rel1/bin/../lib/gcc/arm-none-eabi/14.2.1/thumb/v8-m.main+fp/softfp/crtbegin.o
 .bss.pools     0x200008d0       0x20 CMakeFiles/tear.dir/C_/Users/mike/.pico-sdk/sdk/2.1.1/src/common/pico_time/time.c.obj
 .bss.pxCurrentTCBs
                0x200008f0        0x8 CMakeFiles/tear.dir/C_/Users/mike/Documents/PicoCbook/C18/FreeRTOS-Kernel/tasks.c.obj
                0x200008f0                pxCurrentTCBs
 .bss.pxCurrentTimerList
                0x200008f8        0x4 CMakeFiles/tear.dir/C_/Users/mike/Documents/PicoCbook/C18/FreeRTOS-Kernel/timers.c.obj
 .bss.pxDelayedTaskList
                0x200008fc        0x4 CMakeFiles/tear.dir/C_/Users/mike/Documents/PicoCbook/C18/FreeRTOS-Kernel/tasks.c.obj
 .bss.pxEnd     0x20000900        0x4 CMakeFiles/tear.dir/C_/Users/mike/Documents/PicoCbook/C18/FreeRTOS-Kernel/portable/MemMang/heap_4.c.obj
 .bss.pxOverflowDelayedTaskList
                0x20000904        0x4 CMakeFiles/tear.dir/C_/Users/mike/Documents/PicoCbook/C18/FreeRTOS-Kernel/tasks.c.obj
 .bss.pxOverflowTimerList
                0x20000908        0x4 CMakeFiles/tear.dir/C_/Users/mike/Documents/PicoCbook/C18/FreeRTOS-Kernel/timers.c.obj
 .bss.pxReadyTasksLists
                0x2000090c      0x280 CMakeFiles/tear.dir/C_/Users/mike/Documents/PicoCbook/C18/FreeRTOS-Kernel/tasks.c.obj
 .bss.sleep_notifier
                0x20000b8c        0x4 CMakeFiles/tear.dir/C_/Users/mike/.pico-sdk/sdk/2.1.1/src/common/pico_time/time.c.obj
 .bss.uart_char_to_line_feed
                0x20000b90        0x4 CMakeFiles/tear.dir/C_/Users/mike/.pico-sdk/sdk/2.1.1/src/rp2_common/hardware_uart/uart.c.obj
                0x20000b90                uart_char_to_line_feed
 .bss.uart_instance
                0x20000b94        0x4 CMakeFiles/tear.dir/C_/Users/mike/.pico-sdk/sdk/2.1.1/src/rp2_common/pico_stdio_uart/stdio_uart.c.obj
 .bss.ucHeap    0x20000b98    0x20000 CMakeFiles/tear.dir/C_/Users/mike/Documents/PicoCbook/C18/FreeRTOS-Kernel/portable/MemMang/heap_4.c.obj
 .bss.ucOwnedByCore.1
                0x20020b98        0x4 CMakeFiles/tear.dir/C_/Users/mike/Documents/PicoCbook/C18/FreeRTOS-Kernel/tasks.c.obj
 .bss.ucRecursionCountByLock.0
                0x20020b9c        0x2 CMakeFiles/tear.dir/C_/Users/mike/Documents/PicoCbook/C18/FreeRTOS-Kernel/tasks.c.obj
 *fill*         0x20020b9e        0x2 
 .bss.ulCriticalNestings
                0x20020ba0        0x8 CMakeFiles/tear.dir/C_/Users/mike/Documents/PicoCbook/C18/FreeRTOS-Kernel/portable/ThirdParty/GCC/RP2350_ARM_NTZ/non_secure/port.c.obj
                0x20020ba0                ulCriticalNestings
 .bss.ulMaxPRIGROUPValue
                0x20020ba8        0x4 CMakeFiles/tear.dir/C_/Users/mike/Documents/PicoCbook/C18/FreeRTOS-Kernel/portable/ThirdParty/GCC/RP2350_ARM_NTZ/non_secure/port.c.obj
 .bss.uxCurrentNumberOfTasks
                0x20020bac        0x4 CMakeFiles/tear.dir/C_/Users/mike/Documents/PicoCbook/C18/FreeRTOS-Kernel/tasks.c.obj
 .bss.uxDeletedTasksWaitingCleanUp
                0x20020bb0        0x4 CMakeFiles/tear.dir/C_/Users/mike/Documents/PicoCbook/C18/FreeRTOS-Kernel/tasks.c.obj
 .bss.uxSchedulerSuspended
                0x20020bb4        0x4 CMakeFiles/tear.dir/C_/Users/mike/Documents/PicoCbook/C18/FreeRTOS-Kernel/tasks.c.obj
 .bss.uxTaskNumber
                0x20020bb8        0x4 CMakeFiles/tear.dir/C_/Users/mike/Documents/PicoCbook/C18/FreeRTOS-Kernel/tasks.c.obj
 .bss.uxTopReadyPriority
                0x20020bbc        0x4 CMakeFiles/tear.dir/C_/Users/mike/Documents/PicoCbook/C18/FreeRTOS-Kernel/tasks.c.obj
 .bss.xActiveTimerList1
                0x20020bc0       0x14 CMakeFiles/tear.dir/C_/Users/mike/Documents/PicoCbook/C18/FreeRTOS-Kernel/timers.c.obj
 .bss.xActiveTimerList2
                0x20020bd4       0x14 CMakeFiles/tear.dir/C_/Users/mike/Documents/PicoCbook/C18/FreeRTOS-Kernel/timers.c.obj
 .bss.xDelayedTaskList1
                0x20020be8       0x14 CMakeFiles/tear.dir/C_/Users/mike/Documents/PicoCbook/C18/FreeRTOS-Kernel/tasks.c.obj
 .bss.xDelayedTaskList2
                0x20020bfc       0x14 CMakeFiles/tear.dir/C_/Users/mike/Documents/PicoCbook/C18/FreeRTOS-Kernel/tasks.c.obj
 .bss.xEventGroup
                0x20020c10        0x4 CMakeFiles/tear.dir/C_/Users/mike/Documents/PicoCbook/C18/FreeRTOS-Kernel/portable/ThirdParty/GCC/RP2350_ARM_NTZ/non_secure/port.c.obj
 .bss.xFreeBytesRemaining
                0x20020c14        0x4 CMakeFiles/tear.dir/C_/Users/mike/Documents/PicoCbook/C18/FreeRTOS-Kernel/portable/MemMang/heap_4.c.obj
 .bss.xIdleTaskHandles
                0x20020c18        0x8 CMakeFiles/tear.dir/C_/Users/mike/Documents/PicoCbook/C18/FreeRTOS-Kernel/tasks.c.obj
 .bss.xLastTime.0
                0x20020c20        0x4 CMakeFiles/tear.dir/C_/Users/mike/Documents/PicoCbook/C18/FreeRTOS-Kernel/timers.c.obj
 .bss.xMinimumEverFreeBytesRemaining
                0x20020c24        0x4 CMakeFiles/tear.dir/C_/Users/mike/Documents/PicoCbook/C18/FreeRTOS-Kernel/portable/MemMang/heap_4.c.obj
 .bss.xNextTaskUnblockTime
                0x20020c28        0x4 CMakeFiles/tear.dir/C_/Users/mike/Documents/PicoCbook/C18/FreeRTOS-Kernel/tasks.c.obj
 .bss.xNumOfOverflows
                0x20020c2c        0x4 CMakeFiles/tear.dir/C_/Users/mike/Documents/PicoCbook/C18/FreeRTOS-Kernel/tasks.c.obj
 .bss.xNumberOfSuccessfulAllocations
                0x20020c30        0x4 CMakeFiles/tear.dir/C_/Users/mike/Documents/PicoCbook/C18/FreeRTOS-Kernel/portable/MemMang/heap_4.c.obj
 .bss.xNumberOfSuccessfulFrees
                0x20020c34        0x4 CMakeFiles/tear.dir/C_/Users/mike/Documents/PicoCbook/C18/FreeRTOS-Kernel/portable/MemMang/heap_4.c.obj
 .bss.xPendedTicks
                0x20020c38        0x4 CMakeFiles/tear.dir/C_/Users/mike/Documents/PicoCbook/C18/FreeRTOS-Kernel/tasks.c.obj
 .bss.xPendingReadyList
                0x20020c3c       0x14 CMakeFiles/tear.dir/C_/Users/mike/Documents/PicoCbook/C18/FreeRTOS-Kernel/tasks.c.obj
 .bss.xSchedulerRunning
                0x20020c50        0x4 CMakeFiles/tear.dir/C_/Users/mike/Documents/PicoCbook/C18/FreeRTOS-Kernel/tasks.c.obj
 .bss.xStart    0x20020c54        0x8 CMakeFiles/tear.dir/C_/Users/mike/Documents/PicoCbook/C18/FreeRTOS-Kernel/portable/MemMang/heap_4.c.obj
 .bss.xSuspendedTaskList
                0x20020c5c       0x14 CMakeFiles/tear.dir/C_/Users/mike/Documents/PicoCbook/C18/FreeRTOS-Kernel/tasks.c.obj
 .bss.xTasksWaitingTermination
                0x20020c70       0x14 CMakeFiles/tear.dir/C_/Users/mike/Documents/PicoCbook/C18/FreeRTOS-Kernel/tasks.c.obj
 .bss.xTickCount
                0x20020c84        0x4 CMakeFiles/tear.dir/C_/Users/mike/Documents/PicoCbook/C18/FreeRTOS-Kernel/tasks.c.obj
 .bss.xTimerQueue
                0x20020c88        0x4 CMakeFiles/tear.dir/C_/Users/mike/Documents/PicoCbook/C18/FreeRTOS-Kernel/timers.c.obj
 .bss.xTimerTaskHandle
                0x20020c8c        0x4 CMakeFiles/tear.dir/C_/Users/mike/Documents/PicoCbook/C18/FreeRTOS-Kernel/timers.c.obj
 .bss.xYieldPendings
                0x20020c90        0x8 CMakeFiles/tear.dir/C_/Users/mike/Documents/PicoCbook/C18/FreeRTOS-Kernel/tasks.c.obj
 .bss.irq_handler_chain_free_slot_head
                0x20020c98        0x1 CMakeFiles/tear.dir/C_/Users/mike/.pico-sdk/sdk/2.1.1/src/rp2_common/hardware_irq/irq.c.obj
 *(COMMON)
                [!provide]                        PROVIDE (__global_pointer$ = (. + 0x800))
 *(.sbss*)
                0x20020c9c                        . = ALIGN (0x4)
 *fill*         0x20020c99        0x3 
                0x20020c9c                        __bss_end__ = .

.heap           0x20020c9c      0x800 load address 0x10005594
                0x20020c9c                        __end__ = .
                0x20020c9c                        end = __end__
 *(.heap*)
 .heap          0x20020c9c      0x800 CMakeFiles/tear.dir/C_/Users/mike/.pico-sdk/sdk/2.1.1/src/rp2_common/pico_crt0/crt0.S.obj
                0x20080000                        __HeapLimit = (ORIGIN (RAM) + LENGTH (RAM))

.scratch_x      0x20080000        0x0 load address 0x10005594
                0x20080000                        __scratch_x_start__ = .
 *(.scratch_x.*)
                0x20080000                        . = ALIGN (0x4)
                0x20080000                        __scratch_x_end__ = .
                0x10005594                        __scratch_x_source__ = LOADADDR (.scratch_x)

.scratch_y      0x20081000        0x0 load address 0x10005594
                0x20081000                        __scratch_y_start__ = .
 *(.scratch_y.*)
                0x20081000                        . = ALIGN (0x4)
                0x20081000                        __scratch_y_end__ = .
                0x10005594                        __scratch_y_source__ = LOADADDR (.scratch_y)

.stack1_dummy   0x20080000      0x800
 *(.stack1*)
 .stack1        0x20080000      0x800 CMakeFiles/tear.dir/C_/Users/mike/.pico-sdk/sdk/2.1.1/src/rp2_common/pico_multicore/multicore.c.obj

.stack_dummy    0x20081000      0x800
 *(.stack*)
 .stack         0x20081000      0x800 CMakeFiles/tear.dir/C_/Users/mike/.pico-sdk/sdk/2.1.1/src/rp2_common/pico_crt0/crt0.S.obj

.flash_end      0x10005594       0x14
 *(.embedded_end_block*)
 .embedded_end_block
                0x10005594       0x14 CMakeFiles/tear.dir/C_/Users/mike/.pico-sdk/sdk/2.1.1/src/rp2_common/pico_crt0/crt0.S.obj
                0x100055a8                        PROVIDE (__flash_binary_end = .)
                0x20080000                        __StackLimit = (ORIGIN (RAM) + LENGTH (RAM))
                0x20081000                        __StackOneTop = (ORIGIN (SCRATCH_X) + LENGTH (SCRATCH_X))
                0x20082000                        __StackTop = (ORIGIN (SCRATCH_Y) + LENGTH (SCRATCH_Y))
                0x20080800                        __StackOneBottom = (__StackOneTop - SIZEOF (.stack1_dummy))
                0x20081800                        __StackBottom = (__StackTop - SIZEOF (.stack_dummy))
                0x20082000                        PROVIDE (__stack = __StackTop)
                [!provide]                        PROVIDE (__heap_start = __end__)
                [!provide]                        PROVIDE (__heap_end = __HeapLimit)
                [!provide]                        PROVIDE (__tls_align = MAX (ALIGNOF (.tdata), ALIGNOF (.tbss)))
                [!provide]                        PROVIDE (__tls_size_align = (((__tls_size + __tls_align) - 0x1) & ~ ((__tls_align - 0x1))))
                [!provide]                        PROVIDE (__arm32_tls_tcb_offset = MAX (0x8, __tls_align))
                [!provide]                        PROVIDE (_end = __end__)
                [!provide]                        PROVIDE (__llvm_libc_heap_limit = __HeapLimit)
                0x00000001                        ASSERT ((__StackLimit >= __HeapLimit), region RAM overflowed)
                0x00000001                        ASSERT (((__binary_info_header_end - __logical_binary_start) <= 0x400), Binary info must be in first 1024 bytes of the binary)
                0x00000001                        ASSERT (((__embedded_block_end - __logical_binary_start) <= 0x1000), Embedded block must be in first 4096 bytes of the binary)
LOAD CMakeFiles/tear.dir/tear.c.obj
LOAD CMakeFiles/tear.dir/C_/Users/mike/.pico-sdk/sdk/2.1.1/src/rp2_common/pico_stdlib/stdlib.c.obj
LOAD CMakeFiles/tear.dir/C_/Users/mike/.pico-sdk/sdk/2.1.1/src/rp2_common/hardware_gpio/gpio.c.obj
LOAD CMakeFiles/tear.dir/C_/Users/mike/.pico-sdk/sdk/2.1.1/src/rp2350/pico_platform/platform.c.obj
LOAD CMakeFiles/tear.dir/C_/Users/mike/.pico-sdk/sdk/2.1.1/src/rp2_common/pico_platform_panic/panic.c.obj
LOAD CMakeFiles/tear.dir/C_/Users/mike/.pico-sdk/sdk/2.1.1/src/common/hardware_claim/claim.c.obj
LOAD CMakeFiles/tear.dir/C_/Users/mike/.pico-sdk/sdk/2.1.1/src/rp2_common/hardware_sync/sync.c.obj
LOAD CMakeFiles/tear.dir/C_/Users/mike/.pico-sdk/sdk/2.1.1/src/rp2_common/hardware_sync_spin_lock/sync_spin_lock.c.obj
LOAD CMakeFiles/tear.dir/C_/Users/mike/.pico-sdk/sdk/2.1.1/src/rp2_common/hardware_irq/irq.c.obj
LOAD CMakeFiles/tear.dir/C_/Users/mike/.pico-sdk/sdk/2.1.1/src/rp2_common/hardware_irq/irq_handler_chain.S.obj
LOAD CMakeFiles/tear.dir/C_/Users/mike/.pico-sdk/sdk/2.1.1/src/common/pico_sync/sem.c.obj
LOAD CMakeFiles/tear.dir/C_/Users/mike/.pico-sdk/sdk/2.1.1/src/common/pico_sync/lock_core.c.obj
LOAD CMakeFiles/tear.dir/C_/Users/mike/.pico-sdk/sdk/2.1.1/src/common/pico_sync/mutex.c.obj
LOAD CMakeFiles/tear.dir/C_/Users/mike/.pico-sdk/sdk/2.1.1/src/common/pico_sync/critical_section.c.obj
LOAD CMakeFiles/tear.dir/C_/Users/mike/.pico-sdk/sdk/2.1.1/src/common/pico_time/time.c.obj
LOAD CMakeFiles/tear.dir/C_/Users/mike/.pico-sdk/sdk/2.1.1/src/common/pico_time/timeout_helper.c.obj
LOAD CMakeFiles/tear.dir/C_/Users/mike/.pico-sdk/sdk/2.1.1/src/rp2_common/hardware_timer/timer.c.obj
LOAD CMakeFiles/tear.dir/C_/Users/mike/.pico-sdk/sdk/2.1.1/src/common/pico_util/datetime.c.obj
LOAD CMakeFiles/tear.dir/C_/Users/mike/.pico-sdk/sdk/2.1.1/src/common/pico_util/pheap.c.obj
LOAD CMakeFiles/tear.dir/C_/Users/mike/.pico-sdk/sdk/2.1.1/src/common/pico_util/queue.c.obj
LOAD CMakeFiles/tear.dir/C_/Users/mike/.pico-sdk/sdk/2.1.1/src/rp2_common/hardware_uart/uart.c.obj
LOAD CMakeFiles/tear.dir/C_/Users/mike/.pico-sdk/sdk/2.1.1/src/rp2_common/hardware_clocks/clocks.c.obj
LOAD CMakeFiles/tear.dir/C_/Users/mike/.pico-sdk/sdk/2.1.1/src/rp2_common/hardware_pll/pll.c.obj
LOAD CMakeFiles/tear.dir/C_/Users/mike/.pico-sdk/sdk/2.1.1/src/rp2_common/hardware_vreg/vreg.c.obj
LOAD CMakeFiles/tear.dir/C_/Users/mike/.pico-sdk/sdk/2.1.1/src/rp2_common/hardware_watchdog/watchdog.c.obj
LOAD CMakeFiles/tear.dir/C_/Users/mike/.pico-sdk/sdk/2.1.1/src/rp2_common/hardware_ticks/ticks.c.obj
LOAD CMakeFiles/tear.dir/C_/Users/mike/.pico-sdk/sdk/2.1.1/src/rp2_common/pico_bootrom/bootrom.c.obj
LOAD CMakeFiles/tear.dir/C_/Users/mike/.pico-sdk/sdk/2.1.1/src/rp2_common/pico_bootrom/bootrom_lock.c.obj
LOAD CMakeFiles/tear.dir/C_/Users/mike/.pico-sdk/sdk/2.1.1/src/rp2_common/hardware_boot_lock/boot_lock.c.obj
LOAD CMakeFiles/tear.dir/C_/Users/mike/.pico-sdk/sdk/2.1.1/src/rp2_common/pico_flash/flash.c.obj
LOAD CMakeFiles/tear.dir/C_/Users/mike/.pico-sdk/sdk/2.1.1/src/rp2_common/hardware_xosc/xosc.c.obj
LOAD CMakeFiles/tear.dir/C_/Users/mike/.pico-sdk/sdk/2.1.1/src/rp2_common/hardware_divider/divider.c.obj
LOAD CMakeFiles/tear.dir/C_/Users/mike/.pico-sdk/sdk/2.1.1/src/rp2_common/pico_runtime/runtime.c.obj
LOAD CMakeFiles/tear.dir/C_/Users/mike/.pico-sdk/sdk/2.1.1/src/rp2_common/pico_runtime_init/runtime_init.c.obj
LOAD CMakeFiles/tear.dir/C_/Users/mike/.pico-sdk/sdk/2.1.1/src/rp2_common/pico_runtime_init/runtime_init_clocks.c.obj
LOAD CMakeFiles/tear.dir/C_/Users/mike/.pico-sdk/sdk/2.1.1/src/rp2_common/pico_runtime_init/runtime_init_stack_guard.c.obj
LOAD CMakeFiles/tear.dir/C_/Users/mike/.pico-sdk/sdk/2.1.1/src/rp2_common/pico_bit_ops/bit_ops_aeabi.S.obj
LOAD CMakeFiles/tear.dir/C_/Users/mike/.pico-sdk/sdk/2.1.1/src/rp2_common/pico_divider/divider_compiler.c.obj
LOAD CMakeFiles/tear.dir/C_/Users/mike/.pico-sdk/sdk/2.1.1/src/rp2_common/pico_double/double_math.c.obj
LOAD CMakeFiles/tear.dir/C_/Users/mike/.pico-sdk/sdk/2.1.1/src/rp2_common/pico_double/double_aeabi_dcp.S.obj
LOAD CMakeFiles/tear.dir/C_/Users/mike/.pico-sdk/sdk/2.1.1/src/rp2_common/pico_double/double_fma_dcp.S.obj
LOAD CMakeFiles/tear.dir/C_/Users/mike/.pico-sdk/sdk/2.1.1/src/rp2_common/pico_double/double_sci_m33.S.obj
LOAD CMakeFiles/tear.dir/C_/Users/mike/.pico-sdk/sdk/2.1.1/src/rp2_common/pico_double/double_conv_m33.S.obj
LOAD CMakeFiles/tear.dir/C_/Users/mike/.pico-sdk/sdk/2.1.1/src/rp2_common/pico_float/float_math.c.obj
LOAD CMakeFiles/tear.dir/C_/Users/mike/.pico-sdk/sdk/2.1.1/src/rp2_common/pico_float/float_conv32_vfp.S.obj
LOAD CMakeFiles/tear.dir/C_/Users/mike/.pico-sdk/sdk/2.1.1/src/rp2_common/pico_float/float_common_m33.S.obj
LOAD CMakeFiles/tear.dir/C_/Users/mike/.pico-sdk/sdk/2.1.1/src/rp2_common/pico_float/float_sci_m33_vfp.S.obj
LOAD CMakeFiles/tear.dir/C_/Users/mike/.pico-sdk/sdk/2.1.1/src/rp2_common/pico_malloc/malloc.c.obj
LOAD CMakeFiles/tear.dir/C_/Users/mike/.pico-sdk/sdk/2.1.1/src/rp2_common/pico_atomic/atomic.c.obj
LOAD CMakeFiles/tear.dir/C_/Users/mike/.pico-sdk/sdk/2.1.1/src/rp2_common/pico_cxx_options/new_delete.cpp.obj
LOAD CMakeFiles/tear.dir/C_/Users/mike/.pico-sdk/sdk/2.1.1/src/rp2_common/pico_standard_binary_info/standard_binary_info.c.obj
LOAD CMakeFiles/tear.dir/C_/Users/mike/.pico-sdk/sdk/2.1.1/src/rp2_common/pico_printf/printf.c.obj
LOAD CMakeFiles/tear.dir/C_/Users/mike/.pico-sdk/sdk/2.1.1/src/rp2_common/pico_crt0/crt0.S.obj
LOAD CMakeFiles/tear.dir/C_/Users/mike/.pico-sdk/sdk/2.1.1/src/rp2_common/pico_clib_interface/newlib_interface.c.obj
LOAD CMakeFiles/tear.dir/C_/Users/mike/.pico-sdk/sdk/2.1.1/src/rp2_common/pico_stdio/stdio.c.obj
LOAD CMakeFiles/tear.dir/C_/Users/mike/.pico-sdk/sdk/2.1.1/src/rp2_common/pico_stdio_uart/stdio_uart.c.obj
LOAD CMakeFiles/tear.dir/C_/Users/mike/.pico-sdk/sdk/2.1.1/src/rp2_common/pico_multicore/multicore.c.obj
LOAD CMakeFiles/tear.dir/C_/Users/mike/Documents/PicoCbook/C18/FreeRTOS-Kernel/portable/ThirdParty/GCC/RP2350_ARM_NTZ/non_secure/port.c.obj
LOAD CMakeFiles/tear.dir/C_/Users/mike/Documents/PicoCbook/C18/FreeRTOS-Kernel/portable/ThirdParty/GCC/RP2350_ARM_NTZ/non_secure/portasm.c.obj
LOAD CMakeFiles/tear.dir/C_/Users/mike/Documents/PicoCbook/C18/FreeRTOS-Kernel/croutine.c.obj
LOAD CMakeFiles/tear.dir/C_/Users/mike/Documents/PicoCbook/C18/FreeRTOS-Kernel/event_groups.c.obj
LOAD CMakeFiles/tear.dir/C_/Users/mike/Documents/PicoCbook/C18/FreeRTOS-Kernel/list.c.obj
LOAD CMakeFiles/tear.dir/C_/Users/mike/Documents/PicoCbook/C18/FreeRTOS-Kernel/queue.c.obj
LOAD CMakeFiles/tear.dir/C_/Users/mike/Documents/PicoCbook/C18/FreeRTOS-Kernel/stream_buffer.c.obj
LOAD CMakeFiles/tear.dir/C_/Users/mike/Documents/PicoCbook/C18/FreeRTOS-Kernel/tasks.c.obj
LOAD CMakeFiles/tear.dir/C_/Users/mike/Documents/PicoCbook/C18/FreeRTOS-Kernel/timers.c.obj
LOAD CMakeFiles/tear.dir/C_/Users/mike/.pico-sdk/sdk/2.1.1/src/rp2_common/hardware_exception/exception.c.obj
LOAD CMakeFiles/tear.dir/C_/Users/mike/Documents/PicoCbook/C18/FreeRTOS-Kernel/portable/MemMang/heap_4.c.obj
LOAD pico-sdk/src/rp2350/boot_stage2/CMakeFiles/bs2_default_library.dir/./bs2_default_padded_checksummed.S.obj
LOAD C:/Users/mike/.pico-sdk/toolchain/14_2_Rel1/bin/../lib/gcc/arm-none-eabi/14.2.1/thumb/v8-m.main+fp/softfp\libstdc++.a
LOAD C:/Users/mike/.pico-sdk/toolchain/14_2_Rel1/bin/../lib/gcc/arm-none-eabi/14.2.1/thumb/v8-m.main+fp/softfp\libm.a
START GROUP
LOAD C:/Users/mike/.pico-sdk/toolchain/14_2_Rel1/bin/../lib/gcc/arm-none-eabi/14.2.1/thumb/v8-m.main+fp/softfp\libgcc.a
LOAD C:/Users/mike/.pico-sdk/toolchain/14_2_Rel1/bin/../lib/gcc/arm-none-eabi/14.2.1/thumb/v8-m.main+fp/softfp\libg.a
LOAD C:/Users/mike/.pico-sdk/toolchain/14_2_Rel1/bin/../lib/gcc/arm-none-eabi/14.2.1/thumb/v8-m.main+fp/softfp\libc.a
END GROUP
START GROUP
LOAD C:/Users/mike/.pico-sdk/toolchain/14_2_Rel1/bin/../lib/gcc/arm-none-eabi/14.2.1/thumb/v8-m.main+fp/softfp\libgcc.a
LOAD C:/Users/mike/.pico-sdk/toolchain/14_2_Rel1/bin/../lib/gcc/arm-none-eabi/14.2.1/thumb/v8-m.main+fp/softfp\libc.a
LOAD C:/Users/mike/.pico-sdk/toolchain/14_2_Rel1/bin/../lib/gcc/arm-none-eabi/14.2.1/thumb/v8-m.main+fp/softfp\libnosys.a
END GROUP
LOAD C:/Users/mike/.pico-sdk/toolchain/14_2_Rel1/bin/../lib/gcc/arm-none-eabi/14.2.1/thumb/v8-m.main+fp/softfp/crtend.o
LOAD C:/Users/mike/.pico-sdk/toolchain/14_2_Rel1/bin/../lib/gcc/arm-none-eabi/14.2.1/thumb/v8-m.main+fp/softfp/crtn.o
OUTPUT(tear.elf elf32-littlearm)
LOAD linker stubs

.rel.dyn        0x100055a8        0x0
 .rel.iplt      0x100055a8        0x0 C:/Users/mike/.pico-sdk/toolchain/14_2_Rel1/bin/../lib/gcc/arm-none-eabi/14.2.1/thumb/v8-m.main+fp/softfp/crtbegin.o

.ARM.attributes
                0x00000000       0x34
 .ARM.attributes
                0x00000000       0x26 C:/Users/mike/.pico-sdk/toolchain/14_2_Rel1/bin/../lib/gcc/arm-none-eabi/14.2.1/thumb/v8-m.main+fp/softfp/crti.o
 .ARM.attributes
                0x00000026       0x36 C:/Users/mike/.pico-sdk/toolchain/14_2_Rel1/bin/../lib/gcc/arm-none-eabi/14.2.1/thumb/v8-m.main+fp/softfp/crtbegin.o
 .ARM.attributes
                0x0000005c       0x38 CMakeFiles/tear.dir/tear.c.obj
 .ARM.attributes
                0x00000094       0x38 CMakeFiles/tear.dir/C_/Users/mike/.pico-sdk/sdk/2.1.1/src/rp2_common/hardware_gpio/gpio.c.obj
 .ARM.attributes
                0x000000cc       0x38 CMakeFiles/tear.dir/C_/Users/mike/.pico-sdk/sdk/2.1.1/src/rp2_common/pico_platform_panic/panic.c.obj
 .ARM.attributes
                0x00000104       0x38 CMakeFiles/tear.dir/C_/Users/mike/.pico-sdk/sdk/2.1.1/src/common/hardware_claim/claim.c.obj
 .ARM.attributes
                0x0000013c       0x38 CMakeFiles/tear.dir/C_/Users/mike/.pico-sdk/sdk/2.1.1/src/rp2_common/hardware_sync/sync.c.obj
 .ARM.attributes
                0x00000174       0x38 CMakeFiles/tear.dir/C_/Users/mike/.pico-sdk/sdk/2.1.1/src/rp2_common/hardware_sync_spin_lock/sync_spin_lock.c.obj
 .ARM.attributes
                0x000001ac       0x38 CMakeFiles/tear.dir/C_/Users/mike/.pico-sdk/sdk/2.1.1/src/rp2_common/hardware_irq/irq.c.obj
 .ARM.attributes
                0x000001e4       0x28 CMakeFiles/tear.dir/C_/Users/mike/.pico-sdk/sdk/2.1.1/src/rp2_common/hardware_irq/irq_handler_chain.S.obj
 .ARM.attributes
                0x0000020c       0x38 CMakeFiles/tear.dir/C_/Users/mike/.pico-sdk/sdk/2.1.1/src/common/pico_sync/lock_core.c.obj
 .ARM.attributes
                0x00000244       0x38 CMakeFiles/tear.dir/C_/Users/mike/.pico-sdk/sdk/2.1.1/src/common/pico_sync/mutex.c.obj
 .ARM.attributes
                0x0000027c       0x38 CMakeFiles/tear.dir/C_/Users/mike/.pico-sdk/sdk/2.1.1/src/common/pico_time/time.c.obj
 .ARM.attributes
                0x000002b4       0x38 CMakeFiles/tear.dir/C_/Users/mike/.pico-sdk/sdk/2.1.1/src/rp2_common/hardware_timer/timer.c.obj
 .ARM.attributes
                0x000002ec       0x38 CMakeFiles/tear.dir/C_/Users/mike/.pico-sdk/sdk/2.1.1/src/rp2_common/hardware_uart/uart.c.obj
 .ARM.attributes
                0x00000324       0x38 CMakeFiles/tear.dir/C_/Users/mike/.pico-sdk/sdk/2.1.1/src/rp2_common/hardware_clocks/clocks.c.obj
 .ARM.attributes
                0x0000035c       0x38 CMakeFiles/tear.dir/C_/Users/mike/.pico-sdk/sdk/2.1.1/src/rp2_common/hardware_pll/pll.c.obj
 .ARM.attributes
                0x00000394       0x38 CMakeFiles/tear.dir/C_/Users/mike/.pico-sdk/sdk/2.1.1/src/rp2_common/hardware_ticks/ticks.c.obj
 .ARM.attributes
                0x000003cc       0x38 CMakeFiles/tear.dir/C_/Users/mike/.pico-sdk/sdk/2.1.1/src/rp2_common/pico_bootrom/bootrom.c.obj
 .ARM.attributes
                0x00000404       0x38 CMakeFiles/tear.dir/C_/Users/mike/.pico-sdk/sdk/2.1.1/src/rp2_common/pico_bootrom/bootrom_lock.c.obj
 .ARM.attributes
                0x0000043c       0x38 CMakeFiles/tear.dir/C_/Users/mike/.pico-sdk/sdk/2.1.1/src/rp2_common/hardware_boot_lock/boot_lock.c.obj
 .ARM.attributes
                0x00000474       0x38 CMakeFiles/tear.dir/C_/Users/mike/.pico-sdk/sdk/2.1.1/src/rp2_common/hardware_xosc/xosc.c.obj
 .ARM.attributes
                0x000004ac       0x38 CMakeFiles/tear.dir/C_/Users/mike/.pico-sdk/sdk/2.1.1/src/rp2_common/pico_runtime/runtime.c.obj
 .ARM.attributes
                0x000004e4       0x38 CMakeFiles/tear.dir/C_/Users/mike/.pico-sdk/sdk/2.1.1/src/rp2_common/pico_runtime_init/runtime_init.c.obj
 .ARM.attributes
                0x0000051c       0x38 CMakeFiles/tear.dir/C_/Users/mike/.pico-sdk/sdk/2.1.1/src/rp2_common/pico_runtime_init/runtime_init_clocks.c.obj
 .ARM.attributes
                0x00000554       0x38 CMakeFiles/tear.dir/C_/Users/mike/.pico-sdk/sdk/2.1.1/src/rp2_common/pico_malloc/malloc.c.obj
 .ARM.attributes
                0x0000058c       0x38 CMakeFiles/tear.dir/C_/Users/mike/.pico-sdk/sdk/2.1.1/src/rp2_common/pico_standard_binary_info/standard_binary_info.c.obj
 .ARM.attributes
                0x000005c4       0x38 CMakeFiles/tear.dir/C_/Users/mike/.pico-sdk/sdk/2.1.1/src/rp2_common/pico_printf/printf.c.obj
 .ARM.attributes
                0x000005fc       0x28 CMakeFiles/tear.dir/C_/Users/mike/.pico-sdk/sdk/2.1.1/src/rp2_common/pico_crt0/crt0.S.obj
 .ARM.attributes
                0x00000624       0x38 CMakeFiles/tear.dir/C_/Users/mike/.pico-sdk/sdk/2.1.1/src/rp2_common/pico_clib_interface/newlib_interface.c.obj
 .ARM.attributes
                0x0000065c       0x38 CMakeFiles/tear.dir/C_/Users/mike/.pico-sdk/sdk/2.1.1/src/rp2_common/pico_stdio/stdio.c.obj
 .ARM.attributes
                0x00000694       0x38 CMakeFiles/tear.dir/C_/Users/mike/.pico-sdk/sdk/2.1.1/src/rp2_common/pico_stdio_uart/stdio_uart.c.obj
 .ARM.attributes
                0x000006cc       0x38 CMakeFiles/tear.dir/C_/Users/mike/.pico-sdk/sdk/2.1.1/src/rp2_common/pico_multicore/multicore.c.obj
 .ARM.attributes
                0x00000704       0x38 CMakeFiles/tear.dir/C_/Users/mike/Documents/PicoCbook/C18/FreeRTOS-Kernel/portable/ThirdParty/GCC/RP2350_ARM_NTZ/non_secure/port.c.obj
 .ARM.attributes
                0x0000073c       0x38 CMakeFiles/tear.dir/C_/Users/mike/Documents/PicoCbook/C18/FreeRTOS-Kernel/portable/ThirdParty/GCC/RP2350_ARM_NTZ/non_secure/portasm.c.obj
 .ARM.attributes
                0x00000774       0x38 CMakeFiles/tear.dir/C_/Users/mike/Documents/PicoCbook/C18/FreeRTOS-Kernel/event_groups.c.obj
 .ARM.attributes
                0x000007ac       0x38 CMakeFiles/tear.dir/C_/Users/mike/Documents/PicoCbook/C18/FreeRTOS-Kernel/list.c.obj
 .ARM.attributes
                0x000007e4       0x38 CMakeFiles/tear.dir/C_/Users/mike/Documents/PicoCbook/C18/FreeRTOS-Kernel/queue.c.obj
 .ARM.attributes
                0x0000081c       0x38 CMakeFiles/tear.dir/C_/Users/mike/Documents/PicoCbook/C18/FreeRTOS-Kernel/tasks.c.obj
 .ARM.attributes
                0x00000854       0x38 CMakeFiles/tear.dir/C_/Users/mike/Documents/PicoCbook/C18/FreeRTOS-Kernel/timers.c.obj
 .ARM.attributes
                0x0000088c       0x38 CMakeFiles/tear.dir/C_/Users/mike/.pico-sdk/sdk/2.1.1/src/rp2_common/hardware_exception/exception.c.obj
 .ARM.attributes
                0x000008c4       0x38 CMakeFiles/tear.dir/C_/Users/mike/Documents/PicoCbook/C18/FreeRTOS-Kernel/portable/MemMang/heap_4.c.obj
 .ARM.attributes
                0x000008fc       0x26 C:/Users/mike/.pico-sdk/toolchain/14_2_Rel1/bin/../lib/gcc/arm-none-eabi/14.2.1/thumb/v8-m.main+fp/softfp\libgcc.a(_aeabi_ldivmod.o)
 .ARM.attributes
                0x00000922       0x36 C:/Users/mike/.pico-sdk/toolchain/14_2_Rel1/bin/../lib/gcc/arm-none-eabi/14.2.1/thumb/v8-m.main+fp/softfp\libgcc.a(_udivmoddi4.o)
 .ARM.attributes
                0x00000958       0x26 C:/Users/mike/.pico-sdk/toolchain/14_2_Rel1/bin/../lib/gcc/arm-none-eabi/14.2.1/thumb/v8-m.main+fp/softfp\libgcc.a(_dvmd_tls.o)
 .ARM.attributes
                0x0000097e       0x36 C:/Users/mike/.pico-sdk/toolchain/14_2_Rel1/bin/../lib/gcc/arm-none-eabi/14.2.1/thumb/v8-m.main+fp/softfp\libg.a(libc_a-memset.o)
 .ARM.attributes
                0x000009b4       0x24 C:/Users/mike/.pico-sdk/toolchain/14_2_Rel1/bin/../lib/gcc/arm-none-eabi/14.2.1/thumb/v8-m.main+fp/softfp\libg.a(libc_a-memcpy.o)
 .ARM.attributes
                0x000009d8       0x36 C:/Users/mike/.pico-sdk/toolchain/14_2_Rel1/bin/../lib/gcc/arm-none-eabi/14.2.1/thumb/v8-m.main+fp/softfp\libg.a(libc_a-strlen-stub.o)
 .ARM.attributes
                0x00000a0e       0x36 C:/Users/mike/.pico-sdk/toolchain/14_2_Rel1/bin/../lib/gcc/arm-none-eabi/14.2.1/thumb/v8-m.main+fp/softfp/crtend.o

.comment        0x00000000       0x45
 .comment       0x00000000       0x45 CMakeFiles/tear.dir/tear.c.obj
                                 0x46 (size before relaxing)
 .comment       0x00000045       0x46 CMakeFiles/tear.dir/C_/Users/mike/.pico-sdk/sdk/2.1.1/src/rp2_common/hardware_gpio/gpio.c.obj
 .comment       0x00000045       0x46 CMakeFiles/tear.dir/C_/Users/mike/.pico-sdk/sdk/2.1.1/src/rp2_common/pico_platform_panic/panic.c.obj
 .comment       0x00000045       0x46 CMakeFiles/tear.dir/C_/Users/mike/.pico-sdk/sdk/2.1.1/src/common/hardware_claim/claim.c.obj
 .comment       0x00000045       0x46 CMakeFiles/tear.dir/C_/Users/mike/.pico-sdk/sdk/2.1.1/src/rp2_common/hardware_sync/sync.c.obj
 .comment       0x00000045       0x46 CMakeFiles/tear.dir/C_/Users/mike/.pico-sdk/sdk/2.1.1/src/rp2_common/hardware_sync_spin_lock/sync_spin_lock.c.obj
 .comment       0x00000045       0x46 CMakeFiles/tear.dir/C_/Users/mike/.pico-sdk/sdk/2.1.1/src/rp2_common/hardware_irq/irq.c.obj
 .comment       0x00000045       0x46 CMakeFiles/tear.dir/C_/Users/mike/.pico-sdk/sdk/2.1.1/src/common/pico_sync/lock_core.c.obj
 .comment       0x00000045       0x46 CMakeFiles/tear.dir/C_/Users/mike/.pico-sdk/sdk/2.1.1/src/common/pico_sync/mutex.c.obj
 .comment       0x00000045       0x46 CMakeFiles/tear.dir/C_/Users/mike/.pico-sdk/sdk/2.1.1/src/common/pico_time/time.c.obj
 .comment       0x00000045       0x46 CMakeFiles/tear.dir/C_/Users/mike/.pico-sdk/sdk/2.1.1/src/rp2_common/hardware_timer/timer.c.obj
 .comment       0x00000045       0x46 CMakeFiles/tear.dir/C_/Users/mike/.pico-sdk/sdk/2.1.1/src/rp2_common/hardware_uart/uart.c.obj
 .comment       0x00000045       0x46 CMakeFiles/tear.dir/C_/Users/mike/.pico-sdk/sdk/2.1.1/src/rp2_common/hardware_clocks/clocks.c.obj
 .comment       0x00000045       0x46 CMakeFiles/tear.dir/C_/Users/mike/.pico-sdk/sdk/2.1.1/src/rp2_common/hardware_pll/pll.c.obj
 .comment       0x00000045       0x46 CMakeFiles/tear.dir/C_/Users/mike/.pico-sdk/sdk/2.1.1/src/rp2_common/hardware_ticks/ticks.c.obj
 .comment       0x00000045       0x46 CMakeFiles/tear.dir/C_/Users/mike/.pico-sdk/sdk/2.1.1/src/rp2_common/pico_bootrom/bootrom.c.obj
 .comment       0x00000045       0x46 CMakeFiles/tear.dir/C_/Users/mike/.pico-sdk/sdk/2.1.1/src/rp2_common/pico_bootrom/bootrom_lock.c.obj
 .comment       0x00000045       0x46 CMakeFiles/tear.dir/C_/Users/mike/.pico-sdk/sdk/2.1.1/src/rp2_common/hardware_boot_lock/boot_lock.c.obj
 .comment       0x00000045       0x46 CMakeFiles/tear.dir/C_/Users/mike/.pico-sdk/sdk/2.1.1/src/rp2_common/hardware_xosc/xosc.c.obj
 .comment       0x00000045       0x46 CMakeFiles/tear.dir/C_/Users/mike/.pico-sdk/sdk/2.1.1/src/rp2_common/pico_runtime/runtime.c.obj
 .comment       0x00000045       0x46 CMakeFiles/tear.dir/C_/Users/mike/.pico-sdk/sdk/2.1.1/src/rp2_common/pico_runtime_init/runtime_init.c.obj
 .comment       0x00000045       0x46 CMakeFiles/tear.dir/C_/Users/mike/.pico-sdk/sdk/2.1.1/src/rp2_common/pico_runtime_init/runtime_init_clocks.c.obj
 .comment       0x00000045       0x46 CMakeFiles/tear.dir/C_/Users/mike/.pico-sdk/sdk/2.1.1/src/rp2_common/pico_malloc/malloc.c.obj
 .comment       0x00000045       0x46 CMakeFiles/tear.dir/C_/Users/mike/.pico-sdk/sdk/2.1.1/src/rp2_common/pico_standard_binary_info/standard_binary_info.c.obj
 .comment       0x00000045       0x46 CMakeFiles/tear.dir/C_/Users/mike/.pico-sdk/sdk/2.1.1/src/rp2_common/pico_printf/printf.c.obj
 .comment       0x00000045       0x46 CMakeFiles/tear.dir/C_/Users/mike/.pico-sdk/sdk/2.1.1/src/rp2_common/pico_clib_interface/newlib_interface.c.obj
 .comment       0x00000045       0x46 CMakeFiles/tear.dir/C_/Users/mike/.pico-sdk/sdk/2.1.1/src/rp2_common/pico_stdio/stdio.c.obj
 .comment       0x00000045       0x46 CMakeFiles/tear.dir/C_/Users/mike/.pico-sdk/sdk/2.1.1/src/rp2_common/pico_stdio_uart/stdio_uart.c.obj